Archive member included to satisfy reference by file (symbol)

/home/wanchuan/Downloads/gcc-arm-none-eabi-10.3-2021.10/bin/../lib/gcc/arm-none-eabi/10.3.1/../../../../arm-none-eabi/lib/thumb/v7-m/nofp/libc_nano.a(lib_a-exit.o)
                              /home/wanchuan/Downloads/gcc-arm-none-eabi-10.3-2021.10/bin/../lib/gcc/arm-none-eabi/10.3.1/../../../../arm-none-eabi/lib/thumb/v7-m/nofp/crt0.o (exit)
/home/wanchuan/Downloads/gcc-arm-none-eabi-10.3-2021.10/bin/../lib/gcc/arm-none-eabi/10.3.1/../../../../arm-none-eabi/lib/thumb/v7-m/nofp/libc_nano.a(lib_a-impure.o)
                              /home/wanchuan/Downloads/gcc-arm-none-eabi-10.3-2021.10/bin/../lib/gcc/arm-none-eabi/10.3.1/../../../../arm-none-eabi/lib/thumb/v7-m/nofp/libc_nano.a(lib_a-exit.o) (_global_impure_ptr)
/home/wanchuan/Downloads/gcc-arm-none-eabi-10.3-2021.10/bin/../lib/gcc/arm-none-eabi/10.3.1/../../../../arm-none-eabi/lib/thumb/v7-m/nofp/libc_nano.a(lib_a-init.o)
                              /home/wanchuan/Downloads/gcc-arm-none-eabi-10.3-2021.10/bin/../lib/gcc/arm-none-eabi/10.3.1/../../../../arm-none-eabi/lib/thumb/v7-m/nofp/crt0.o (__libc_init_array)
/home/wanchuan/Downloads/gcc-arm-none-eabi-10.3-2021.10/bin/../lib/gcc/arm-none-eabi/10.3.1/../../../../arm-none-eabi/lib/thumb/v7-m/nofp/libc_nano.a(lib_a-memset.o)
                              /home/wanchuan/Downloads/gcc-arm-none-eabi-10.3-2021.10/bin/../lib/gcc/arm-none-eabi/10.3.1/../../../../arm-none-eabi/lib/thumb/v7-m/nofp/crt0.o (memset)
/home/wanchuan/Downloads/gcc-arm-none-eabi-10.3-2021.10/bin/../lib/gcc/arm-none-eabi/10.3.1/../../../../arm-none-eabi/lib/thumb/v7-m/nofp/libg_nano.a(lib_a-errno.o)
                              CMakeFiles/F103Template.dir/Core/Src/sysmem.c.obj (__errno)
/home/wanchuan/Downloads/gcc-arm-none-eabi-10.3-2021.10/bin/../lib/gcc/arm-none-eabi/10.3.1/../../../../arm-none-eabi/lib/thumb/v7-m/nofp/libg_nano.a(lib_a-malloc.o)
                              CMakeFiles/F103Template.dir/Core/Src/ws2812.c.obj (malloc)
/home/wanchuan/Downloads/gcc-arm-none-eabi-10.3-2021.10/bin/../lib/gcc/arm-none-eabi/10.3.1/../../../../arm-none-eabi/lib/thumb/v7-m/nofp/libg_nano.a(lib_a-nano-freer.o)
                              /home/wanchuan/Downloads/gcc-arm-none-eabi-10.3-2021.10/bin/../lib/gcc/arm-none-eabi/10.3.1/../../../../arm-none-eabi/lib/thumb/v7-m/nofp/libg_nano.a(lib_a-malloc.o) (_free_r)
/home/wanchuan/Downloads/gcc-arm-none-eabi-10.3-2021.10/bin/../lib/gcc/arm-none-eabi/10.3.1/../../../../arm-none-eabi/lib/thumb/v7-m/nofp/libg_nano.a(lib_a-nano-mallocr.o)
                              /home/wanchuan/Downloads/gcc-arm-none-eabi-10.3-2021.10/bin/../lib/gcc/arm-none-eabi/10.3.1/../../../../arm-none-eabi/lib/thumb/v7-m/nofp/libg_nano.a(lib_a-malloc.o) (_malloc_r)
/home/wanchuan/Downloads/gcc-arm-none-eabi-10.3-2021.10/bin/../lib/gcc/arm-none-eabi/10.3.1/../../../../arm-none-eabi/lib/thumb/v7-m/nofp/libg_nano.a(lib_a-puts.o)
                              CMakeFiles/F103Template.dir/Core/Src/main.c.obj (puts)
/home/wanchuan/Downloads/gcc-arm-none-eabi-10.3-2021.10/bin/../lib/gcc/arm-none-eabi/10.3.1/../../../../arm-none-eabi/lib/thumb/v7-m/nofp/libg_nano.a(lib_a-sbrkr.o)
                              /home/wanchuan/Downloads/gcc-arm-none-eabi-10.3-2021.10/bin/../lib/gcc/arm-none-eabi/10.3.1/../../../../arm-none-eabi/lib/thumb/v7-m/nofp/libg_nano.a(lib_a-nano-mallocr.o) (_sbrk_r)
/home/wanchuan/Downloads/gcc-arm-none-eabi-10.3-2021.10/bin/../lib/gcc/arm-none-eabi/10.3.1/../../../../arm-none-eabi/lib/thumb/v7-m/nofp/libg_nano.a(lib_a-sprintf.o)
                              CMakeFiles/F103Template.dir/Core/Src/imu.c.obj (sprintf)
/home/wanchuan/Downloads/gcc-arm-none-eabi-10.3-2021.10/bin/../lib/gcc/arm-none-eabi/10.3.1/../../../../arm-none-eabi/lib/thumb/v7-m/nofp/libg_nano.a(lib_a-wbuf.o)
                              /home/wanchuan/Downloads/gcc-arm-none-eabi-10.3-2021.10/bin/../lib/gcc/arm-none-eabi/10.3.1/../../../../arm-none-eabi/lib/thumb/v7-m/nofp/libg_nano.a(lib_a-puts.o) (__swbuf_r)
/home/wanchuan/Downloads/gcc-arm-none-eabi-10.3-2021.10/bin/../lib/gcc/arm-none-eabi/10.3.1/../../../../arm-none-eabi/lib/thumb/v7-m/nofp/libg_nano.a(lib_a-wsetup.o)
                              /home/wanchuan/Downloads/gcc-arm-none-eabi-10.3-2021.10/bin/../lib/gcc/arm-none-eabi/10.3.1/../../../../arm-none-eabi/lib/thumb/v7-m/nofp/libg_nano.a(lib_a-puts.o) (__swsetup_r)
/home/wanchuan/Downloads/gcc-arm-none-eabi-10.3-2021.10/bin/../lib/gcc/arm-none-eabi/10.3.1/../../../../arm-none-eabi/lib/thumb/v7-m/nofp/libg_nano.a(lib_a-fflush.o)
                              /home/wanchuan/Downloads/gcc-arm-none-eabi-10.3-2021.10/bin/../lib/gcc/arm-none-eabi/10.3.1/../../../../arm-none-eabi/lib/thumb/v7-m/nofp/libg_nano.a(lib_a-wbuf.o) (_fflush_r)
/home/wanchuan/Downloads/gcc-arm-none-eabi-10.3-2021.10/bin/../lib/gcc/arm-none-eabi/10.3.1/../../../../arm-none-eabi/lib/thumb/v7-m/nofp/libg_nano.a(lib_a-findfp.o)
[...]
Memory Configuration

Name             Origin             Length             Attributes
RAM              0x0000000020000000 0x0000000000005000 xrw
FLASH            0x0000000008000000 0x0000000000010000 xr
*default*        0x0000000000000000 0xffffffffffffffff

Linker script and memory map

LOAD /home/wanchuan/Downloads/gcc-arm-none-eabi-10.3-2021.10/bin/../lib/gcc/arm-none-eabi/10.3.1/thumb/v7-m/nofp/crti.o
LOAD /home/wanchuan/Downloads/gcc-arm-none-eabi-10.3-2021.10/bin/../lib/gcc/arm-none-eabi/10.3.1/thumb/v7-m/nofp/crtbegin.o
LOAD /home/wanchuan/Downloads/gcc-arm-none-eabi-10.3-2021.10/bin/../lib/gcc/arm-none-eabi/10.3.1/../../../../arm-none-eabi/lib/thumb/v7-m/nofp/crt0.o
START GROUP
LOAD /home/wanchuan/Downloads/gcc-arm-none-eabi-10.3-2021.10/bin/../lib/gcc/arm-none-eabi/10.3.1/../../../../arm-none-eabi/lib/thumb/v7-m/nofp/libc_nano.a
LOAD /home/wanchuan/Downloads/gcc-arm-none-eabi-10.3-2021.10/bin/../lib/gcc/arm-none-eabi/10.3.1/../../../../arm-none-eabi/lib/thumb/v7-m/nofp/libm.a
END GROUP
LOAD CMakeFiles/F103Template.dir/Core/Src/screen.c.obj
LOAD CMakeFiles/F103Template.dir/Core/Src/ws2812.c.obj
LOAD CMakeFiles/F103Template.dir/Core/Src/imu.c.obj
LOAD CMakeFiles/F103Template.dir/Core/Src/main.c.obj
LOAD CMakeFiles/F103Template.dir/Core/Src/gpio.c.obj
LOAD CMakeFiles/F103Template.dir/Core/Src/adc.c.obj
LOAD CMakeFiles/F103Template.dir/Core/Src/dma.c.obj
LOAD CMakeFiles/F103Template.dir/Core/Src/i2c.c.obj
LOAD CMakeFiles/F103Template.dir/Core/Src/spi.c.obj
LOAD CMakeFiles/F103Template.dir/Core/Src/tim.c.obj
LOAD CMakeFiles/F103Template.dir/Core/Src/usart.c.obj
LOAD CMakeFiles/F103Template.dir/Core/Src/stm32f1xx_it.c.obj
LOAD CMakeFiles/F103Template.dir/Core/Src/stm32f1xx_hal_msp.c.obj
LOAD CMakeFiles/F103Template.dir/Drivers/STM32F1xx_HAL_Driver/Src/stm32f1xx_hal_gpio_ex.c.obj
LOAD CMakeFiles/F103Template.dir/Drivers/STM32F1xx_HAL_Driver/Src/stm32f1xx_hal_adc.c.obj
LOAD CMakeFiles/F103Template.dir/Drivers/STM32F1xx_HAL_Driver/Src/stm32f1xx_hal_adc_ex.c.obj
LOAD CMakeFiles/F103Template.dir/Drivers/STM32F1xx_HAL_Driver/Src/stm32f1xx_hal.c.obj
LOAD CMakeFiles/F103Template.dir/Drivers/STM32F1xx_HAL_Driver/Src/stm32f1xx_hal_rcc.c.obj
LOAD CMakeFiles/F103Template.dir/Drivers/STM32F1xx_HAL_Driver/Src/stm32f1xx_hal_rcc_ex.c.obj
LOAD CMakeFiles/F103Template.dir/Drivers/STM32F1xx_HAL_Driver/Src/stm32f1xx_hal_gpio.c.obj
LOAD CMakeFiles/F103Template.dir/Drivers/STM32F1xx_HAL_Driver/Src/stm32f1xx_hal_dma.c.obj
LOAD CMakeFiles/F103Template.dir/Drivers/STM32F1xx_HAL_Driver/Src/stm32f1xx_hal_cortex.c.obj
LOAD CMakeFiles/F103Template.dir/Drivers/STM32F1xx_HAL_Driver/Src/stm32f1xx_hal_pwr.c.obj
LOAD CMakeFiles/F103Template.dir/Drivers/STM32F1xx_HAL_Driver/Src/stm32f1xx_hal_flash.c.obj
LOAD CMakeFiles/F103Template.dir/Drivers/STM32F1xx_HAL_Driver/Src/stm32f1xx_hal_flash_ex.c.obj
LOAD CMakeFiles/F103Template.dir/Drivers/STM32F1xx_HAL_Driver/Src/stm32f1xx_hal_exti.c.obj
LOAD CMakeFiles/F103Template.dir/Drivers/STM32F1xx_HAL_Driver/Src/stm32f1xx_hal_i2c.c.obj
LOAD CMakeFiles/F103Template.dir/Drivers/STM32F1xx_HAL_Driver/Src/stm32f1xx_hal_spi.c.obj
LOAD CMakeFiles/F103Template.dir/Drivers/STM32F1xx_HAL_Driver/Src/stm32f1xx_hal_tim.c.obj
LOAD CMakeFiles/F103Template.dir/Drivers/STM32F1xx_HAL_Driver/Src/stm32f1xx_hal_tim_ex.c.obj
LOAD CMakeFiles/F103Template.dir/Drivers/STM32F1xx_HAL_Driver/Src/stm32f1xx_hal_uart.c.obj
LOAD CMakeFiles/F103Template.dir/Core/Src/system_stm32f1xx.c.obj
LOAD CMakeFiles/F103Template.dir/Core/Src/sysmem.c.obj
LOAD CMakeFiles/F103Template.dir/Core/Src/syscalls.c.obj
LOAD CMakeFiles/F103Template.dir/startup_stm32f103xb.s.obj
START GROUP
LOAD /home/wanchuan/Downloads/gcc-arm-none-eabi-10.3-2021.10/bin/../lib/gcc/arm-none-eabi/10.3.1/thumb/v7-m/nofp/libgcc.a
LOAD /home/wanchuan/Downloads/gcc-arm-none-eabi-10.3-2021.10/bin/../lib/gcc/arm-none-eabi/10.3.1/../../../../arm-none-eabi/lib/thumb/v7-m/nofp/libg_nano.a
LOAD /home/wanchuan/Downloads/gcc-arm-none-eabi-10.3-2021.10/bin/../lib/gcc/arm-none-eabi/10.3.1/../../../../arm-none-eabi/lib/thumb/v7-m/nofp/libc_nano.a
END GROUP
START GROUP
LOAD /home/wanchuan/Downloads/gcc-arm-none-eabi-10.3-2021.10/bin/../lib/gcc/arm-none-eabi/10.3.1/thumb/v7-m/nofp/libgcc.a
LOAD /home/wanchuan/Downloads/gcc-arm-none-eabi-10.3-2021.10/bin/../lib/gcc/arm-none-eabi/10.3.1/../../../../arm-none-eabi/lib/thumb/v7-m/nofp/libc_nano.a
END GROUP
LOAD /home/wanchuan/Downloads/gcc-arm-none-eabi-10.3-2021.10/bin/../lib/gcc/arm-none-eabi/10.3.1/thumb/v7-m/nofp/crtend.o
LOAD /home/wanchuan/Downloads/gcc-arm-none-eabi-10.3-2021.10/bin/../lib/gcc/arm-none-eabi/10.3.1/thumb/v7-m/nofp/crtn.o
                0x0000000020005000                _estack = (ORIGIN (RAM) + LENGTH (RAM))
                0x0000000000000200                _Min_Heap_Size = 0x200
                0x0000000000000400                _Min_Stack_Size = 0x400

.isr_vector     0x0000000008000000      0x10c
                0x0000000008000000                . = ALIGN (0x4)
 *(.isr_vector)
 .isr_vector    0x0000000008000000      0x10c CMakeFiles/F103Template.dir/startup_stm32f103xb.s.obj
                0x0000000008000000                g_pfnVectors
                0x000000000800010c                . = ALIGN (0x4)

.text           0x000000000800010c     0x6394
                0x000000000800010c                . = ALIGN (0x4)
 *(.text)
 .text          0x000000000800010c       0x40 /home/wanchuan/Downloads/gcc-arm-none-eabi-10.3-2021.10/bin/../lib/gcc/arm-none-eabi/10.3.1/thumb/v7-m/nofp/crtbegin.o
 *(.text*)
 .text.__libc_init_array
                0x000000000800014c       0x48 /home/wanchuan/Downloads/gcc-arm-none-eabi-10.3-2021.10/bin/../lib/gcc/arm-none-eabi/10.3.1/../../../../arm-none-eabi/lib/thumb/v7-m/nofp/libc_nano.a(lib_a-init.o)
                0x000000000800014c                __libc_init_array
 .text.memset   0x0000000008000194       0x10 /home/wanchuan/Downloads/gcc-arm-none-eabi-10.3-2021.10/bin/../lib/gcc/arm-none-eabi/10.3.1/../../../../arm-none-eabi/lib/thumb/v7-m/nofp/libc_nano.a(lib_a-memset.o)
                0x0000000008000194                memset
 .text.SSD1306_WriteCmd
                0x00000000080001a4       0x34 CMakeFiles/F103Template.dir/Core/Src/screen.c.obj
                0x00000000080001a4                SSD1306_WriteCmd
 .text.SSD1306_WriteData
                0x00000000080001d8       0x34 CMakeFiles/F103Template.dir/Core/Src/screen.c.obj
                0x00000000080001d8                SSD1306_WriteData
 .text.OLED_Init
                0x000000000800020c       0xb0 CMakeFiles/F103Template.dir/Core/Src/screen.c.obj
                0x000000000800020c                OLED_Init
 .text.OLED_SetPos
                0x00000000080002bc       0x44 CMakeFiles/F103Template.dir/Core/Src/screen.c.obj
                0x00000000080002bc                OLED_SetPos
 .text.OLED_Clear
                0x0000000008000300       0x54 CMakeFiles/F103Template.dir/Core/Src/screen.c.obj
                0x0000000008000300                OLED_Clear
 .text.OLED_ShowChar
                0x0000000008000354       0xf4 CMakeFiles/F103Template.dir/Core/Src/screen.c.obj
                0x0000000008000354                OLED_ShowChar
 .text.OLED_ShowString
                0x0000000008000448       0x60 CMakeFiles/F103Template.dir/Core/Src/screen.c.obj
                0x0000000008000448                OLED_ShowString
 .text.HAL_TIM_PWM_PulseFinishedCallback
                0x00000000080004a8       0x28 CMakeFiles/F103Template.dir/Core/Src/ws2812.c.obj
                0x00000000080004a8                HAL_TIM_PWM_PulseFinishedCallback
 .text.ITM_SendChar
                0x00000000080004d0       0x4c CMakeFiles/F103Template.dir/Core/Src/main.c.obj
 .text._write   0x000000000800051c       0x38 CMakeFiles/F103Template.dir/Core/Src/main.c.obj
                0x000000000800051c                _write
 .text.main     0x0000000008000554       0xfc CMakeFiles/F103Template.dir/Core/Src/main.c.obj
                0x0000000008000554                main
 .text.SystemClock_Config
                0x0000000008000650       0xba CMakeFiles/F103Template.dir/Core/Src/main.c.obj
                0x0000000008000650                SystemClock_Config
 .text.HAL_ADC_ConvCpltCallback
                0x000000000800070a       0x12 CMakeFiles/F103Template.dir/Core/Src/main.c.obj
                0x000000000800070a                HAL_ADC_ConvCpltCallback
 .text.HAL_GPIO_EXTI_Callback
                0x000000000800071c       0x28 CMakeFiles/F103Template.dir/Core/Src/main.c.obj
                0x000000000800071c                HAL_GPIO_EXTI_Callback
 .text.Error_Handler
                0x0000000008000744        0xa CMakeFiles/F103Template.dir/Core/Src/main.c.obj
                0x0000000008000744                Error_Handler
 *fill*         0x000000000800074e        0x2 
 .text.MX_GPIO_Init
                0x0000000008000750       0xf0 CMakeFiles/F103Template.dir/Core/Src/gpio.c.obj
                0x0000000008000750                MX_GPIO_Init
 .text.MX_ADC1_Init
                0x0000000008000840       0x7c CMakeFiles/F103Template.dir/Core/Src/adc.c.obj
                0x0000000008000840                MX_ADC1_Init
 .text.HAL_ADC_MspInit
                0x00000000080008bc       0xe0 CMakeFiles/F103Template.dir/Core/Src/adc.c.obj
                0x00000000080008bc                HAL_ADC_MspInit
 .text.MX_DMA_Init
                0x000000000800099c       0x94 CMakeFiles/F103Template.dir/Core/Src/dma.c.obj
                0x000000000800099c                MX_DMA_Init
 .text.MX_I2C1_Init
                0x0000000008000a30       0x5c CMakeFiles/F103Template.dir/Core/Src/i2c.c.obj
                0x0000000008000a30                MX_I2C1_Init
 .text.HAL_I2C_MspInit
                0x0000000008000a8c       0x7c CMakeFiles/F103Template.dir/Core/Src/i2c.c.obj
                0x0000000008000a8c                HAL_I2C_MspInit
 .text.MX_SPI1_Init
                0x0000000008000b08       0x6c CMakeFiles/F103Template.dir/Core/Src/spi.c.obj
                0x0000000008000b08                MX_SPI1_Init
 .text.HAL_SPI_MspInit
                0x0000000008000b74       0x94 CMakeFiles/F103Template.dir/Core/Src/spi.c.obj
                0x0000000008000b74                HAL_SPI_MspInit
 .text.MX_TIM1_Init
                0x0000000008000c08      0x160 CMakeFiles/F103Template.dir/Core/Src/tim.c.obj
                0x0000000008000c08                MX_TIM1_Init
 .text.MX_TIM2_Init
                0x0000000008000d68       0xb0 CMakeFiles/F103Template.dir/Core/Src/tim.c.obj
                0x0000000008000d68                MX_TIM2_Init
 .text.HAL_TIM_Base_MspInit
                0x0000000008000e18       0x3c CMakeFiles/F103Template.dir/Core/Src/tim.c.obj
                0x0000000008000e18                HAL_TIM_Base_MspInit
 .text.HAL_TIM_PWM_MspInit
                0x0000000008000e54       0xa0 CMakeFiles/F103Template.dir/Core/Src/tim.c.obj
                0x0000000008000e54                HAL_TIM_PWM_MspInit
 .text.HAL_TIM_MspPostInit
                0x0000000008000ef4       0xe8 CMakeFiles/F103Template.dir/Core/Src/tim.c.obj
                0x0000000008000ef4                HAL_TIM_MspPostInit
 .text.MX_USART2_UART_Init
                0x0000000008000fdc       0x54 CMakeFiles/F103Template.dir/Core/Src/usart.c.obj
                0x0000000008000fdc                MX_USART2_UART_Init
 .text.HAL_UART_MspInit
                0x0000000008001030       0x94 CMakeFiles/F103Template.dir/Core/Src/usart.c.obj
                0x0000000008001030                HAL_UART_MspInit
 .text.NMI_Handler
                0x00000000080010c4        0xa CMakeFiles/F103Template.dir/Core/Src/stm32f1xx_it.c.obj
                0x00000000080010c4                NMI_Handler
 .text.HardFault_Handler
                0x00000000080010ce        0x6 CMakeFiles/F103Template.dir/Core/Src/stm32f1xx_it.c.obj
                0x00000000080010ce                HardFault_Handler
 .text.MemManage_Handler
                0x00000000080010d4        0x6 CMakeFiles/F103Template.dir/Core/Src/stm32f1xx_it.c.obj
                0x00000000080010d4                MemManage_Handler
 .text.BusFault_Handler
                0x00000000080010da        0x6 CMakeFiles/F103Template.dir/Core/Src/stm32f1xx_it.c.obj
                0x00000000080010da                BusFault_Handler
 .text.UsageFault_Handler
                0x00000000080010e0        0x6 CMakeFiles/F103Template.dir/Core/Src/stm32f1xx_it.c.obj
                0x00000000080010e0                UsageFault_Handler
 .text.SVC_Handler
                0x00000000080010e6        0xc CMakeFiles/F103Template.dir/Core/Src/stm32f1xx_it.c.obj
                0x00000000080010e6                SVC_Handler
 .text.DebugMon_Handler
                0x00000000080010f2        0xc CMakeFiles/F103Template.dir/Core/Src/stm32f1xx_it.c.obj
                0x00000000080010f2                DebugMon_Handler
 .text.PendSV_Handler
                0x00000000080010fe        0xc CMakeFiles/F103Template.dir/Core/Src/stm32f1xx_it.c.obj
                0x00000000080010fe                PendSV_Handler
 .text.SysTick_Handler
                0x000000000800110a        0xc CMakeFiles/F103Template.dir/Core/Src/stm32f1xx_it.c.obj
                0x000000000800110a                SysTick_Handler
 *fill*         0x0000000008001116        0x2 
 .text.DMA1_Channel1_IRQHandler
                0x0000000008001118       0x14 CMakeFiles/F103Template.dir/Core/Src/stm32f1xx_it.c.obj
                0x0000000008001118                DMA1_Channel1_IRQHandler
 .text.DMA1_Channel5_IRQHandler
                0x000000000800112c       0x14 CMakeFiles/F103Template.dir/Core/Src/stm32f1xx_it.c.obj
                0x000000000800112c                DMA1_Channel5_IRQHandler
 .text.ADC1_2_IRQHandler
                0x0000000008001140       0x14 CMakeFiles/F103Template.dir/Core/Src/stm32f1xx_it.c.obj
                0x0000000008001140                ADC1_2_IRQHandler
 .text.TIM2_IRQHandler
                0x0000000008001154       0x14 CMakeFiles/F103Template.dir/Core/Src/stm32f1xx_it.c.obj
                0x0000000008001154                TIM2_IRQHandler
 .text.EXTI15_10_IRQHandler
                0x0000000008001168       0x10 CMakeFiles/F103Template.dir/Core/Src/stm32f1xx_it.c.obj
                0x0000000008001168                EXTI15_10_IRQHandler
 .text.HAL_MspInit
                0x0000000008001178       0x64 CMakeFiles/F103Template.dir/Core/Src/stm32f1xx_hal_msp.c.obj
                0x0000000008001178                HAL_MspInit
 .text.HAL_ADC_Init
                0x00000000080011dc      0x1b0 CMakeFiles/F103Template.dir/Drivers/STM32F1xx_HAL_Driver/Src/stm32f1xx_hal_adc.c.obj
                0x00000000080011dc                HAL_ADC_Init
 .text.HAL_ADC_Start
                0x000000000800138c      0x15c CMakeFiles/F103Template.dir/Drivers/STM32F1xx_HAL_Driver/Src/stm32f1xx_hal_adc.c.obj
                0x000000000800138c                HAL_ADC_Start
 .text.HAL_ADC_PollForConversion
                0x00000000080014e8      0x20c CMakeFiles/F103Template.dir/Drivers/STM32F1xx_HAL_Driver/Src/stm32f1xx_hal_adc.c.obj
                0x00000000080014e8                HAL_ADC_PollForConversion
 .text.HAL_ADC_Start_DMA
                0x00000000080016f4      0x1bc CMakeFiles/F103Template.dir/Drivers/STM32F1xx_HAL_Driver/Src/stm32f1xx_hal_adc.c.obj
                0x00000000080016f4                HAL_ADC_Start_DMA
 .text.HAL_ADC_GetValue
                0x00000000080018b0       0x18 CMakeFiles/F103Template.dir/Drivers/STM32F1xx_HAL_Driver/Src/stm32f1xx_hal_adc.c.obj
                0x00000000080018b0                HAL_ADC_GetValue
 .text.HAL_ADC_IRQHandler
                0x00000000080018c8      0x17e CMakeFiles/F103Template.dir/Drivers/STM32F1xx_HAL_Driver/Src/stm32f1xx_hal_adc.c.obj
                0x00000000080018c8                HAL_ADC_IRQHandler
 .text.HAL_ADC_ConvHalfCpltCallback
                0x0000000008001a46       0x12 CMakeFiles/F103Template.dir/Drivers/STM32F1xx_HAL_Driver/Src/stm32f1xx_hal_adc.c.obj
                0x0000000008001a46                HAL_ADC_ConvHalfCpltCallback
 .text.HAL_ADC_LevelOutOfWindowCallback
                0x0000000008001a58       0x12 CMakeFiles/F103Template.dir/Drivers/STM32F1xx_HAL_Driver/Src/stm32f1xx_hal_adc.c.obj
                0x0000000008001a58                HAL_ADC_LevelOutOfWindowCallback
 .text.HAL_ADC_ErrorCallback
                0x0000000008001a6a       0x12 CMakeFiles/F103Template.dir/Drivers/STM32F1xx_HAL_Driver/Src/stm32f1xx_hal_adc.c.obj
                0x0000000008001a6a                HAL_ADC_ErrorCallback
 .text.HAL_ADC_ConfigChannel
                0x0000000008001a7c      0x1f0 CMakeFiles/F103Template.dir/Drivers/STM32F1xx_HAL_Driver/Src/stm32f1xx_hal_adc.c.obj
                0x0000000008001a7c                HAL_ADC_ConfigChannel
 .text.ADC_Enable
                0x0000000008001c6c       0xb4 CMakeFiles/F103Template.dir/Drivers/STM32F1xx_HAL_Driver/Src/stm32f1xx_hal_adc.c.obj
                0x0000000008001c6c                ADC_Enable
 .text.ADC_ConversionStop_Disable
                0x0000000008001d20       0x82 CMakeFiles/F103Template.dir/Drivers/STM32F1xx_HAL_Driver/Src/stm32f1xx_hal_adc.c.obj
                0x0000000008001d20                ADC_ConversionStop_Disable
 .text.ADC_DMAConvCplt
                0x0000000008001da2       0x7c CMakeFiles/F103Template.dir/Drivers/STM32F1xx_HAL_Driver/Src/stm32f1xx_hal_adc.c.obj
                0x0000000008001da2                ADC_DMAConvCplt
 .text.ADC_DMAHalfConvCplt
                0x0000000008001e1e       0x1c CMakeFiles/F103Template.dir/Drivers/STM32F1xx_HAL_Driver/Src/stm32f1xx_hal_adc.c.obj
                0x0000000008001e1e                ADC_DMAHalfConvCplt
 .text.ADC_DMAError
                0x0000000008001e3a       0x34 CMakeFiles/F103Template.dir/Drivers/STM32F1xx_HAL_Driver/Src/stm32f1xx_hal_adc.c.obj
                0x0000000008001e3a                ADC_DMAError
 .text.HAL_ADCEx_InjectedConvCpltCallback
                0x0000000008001e6e       0x12 CMakeFiles/F103Template.dir/Drivers/STM32F1xx_HAL_Driver/Src/stm32f1xx_hal_adc_ex.c.obj
                0x0000000008001e6e                HAL_ADCEx_InjectedConvCpltCallback
 .text.HAL_Init
                0x0000000008001e80       0x2c CMakeFiles/F103Template.dir/Drivers/STM32F1xx_HAL_Driver/Src/stm32f1xx_hal.c.obj
                0x0000000008001e80                HAL_Init
 .text.HAL_InitTick
                0x0000000008001eac       0x60 CMakeFiles/F103Template.dir/Drivers/STM32F1xx_HAL_Driver/Src/stm32f1xx_hal.c.obj
                0x0000000008001eac                HAL_InitTick
 .text.HAL_IncTick
                0x0000000008001f0c       0x24 CMakeFiles/F103Template.dir/Drivers/STM32F1xx_HAL_Driver/Src/stm32f1xx_hal.c.obj
                0x0000000008001f0c                HAL_IncTick
 .text.HAL_GetTick
                0x0000000008001f30       0x14 CMakeFiles/F103Template.dir/Drivers/STM32F1xx_HAL_Driver/Src/stm32f1xx_hal.c.obj
                0x0000000008001f30                HAL_GetTick
 .text.HAL_Delay
                0x0000000008001f44       0x48 CMakeFiles/F103Template.dir/Drivers/STM32F1xx_HAL_Driver/Src/stm32f1xx_hal.c.obj
                0x0000000008001f44                HAL_Delay
 .text.HAL_RCC_OscConfig
                0x0000000008001f8c      0x504 CMakeFiles/F103Template.dir/Drivers/STM32F1xx_HAL_Driver/Src/stm32f1xx_hal_rcc.c.obj
                0x0000000008001f8c                HAL_RCC_OscConfig
 .text.HAL_RCC_ClockConfig
                0x0000000008002490      0x1d4 CMakeFiles/F103Template.dir/Drivers/STM32F1xx_HAL_Driver/Src/stm32f1xx_hal_rcc.c.obj
                0x0000000008002490                HAL_RCC_ClockConfig
 .text.HAL_RCC_EnableCSS
                0x0000000008002664       0x18 CMakeFiles/F103Template.dir/Drivers/STM32F1xx_HAL_Driver/Src/stm32f1xx_hal_rcc.c.obj
                0x0000000008002664                HAL_RCC_EnableCSS
 .text.HAL_RCC_GetSysClockFreq
                0x000000000800267c       0xa8 CMakeFiles/F103Template.dir/Drivers/STM32F1xx_HAL_Driver/Src/stm32f1xx_hal_rcc.c.obj
                0x000000000800267c                HAL_RCC_GetSysClockFreq
 .text.HAL_RCC_GetHCLKFreq
                0x0000000008002724       0x14 CMakeFiles/F103Template.dir/Drivers/STM32F1xx_HAL_Driver/Src/stm32f1xx_hal_rcc.c.obj
                0x0000000008002724                HAL_RCC_GetHCLKFreq
 .text.HAL_RCC_GetPCLK1Freq
                0x0000000008002738       0x28 CMakeFiles/F103Template.dir/Drivers/STM32F1xx_HAL_Driver/Src/stm32f1xx_hal_rcc.c.obj
                0x0000000008002738                HAL_RCC_GetPCLK1Freq
 .text.HAL_RCC_GetPCLK2Freq
                0x0000000008002760       0x28 CMakeFiles/F103Template.dir/Drivers/STM32F1xx_HAL_Driver/Src/stm32f1xx_hal_rcc.c.obj
                0x0000000008002760                HAL_RCC_GetPCLK2Freq
 .text.HAL_RCC_NMI_IRQHandler
                0x0000000008002788       0x28 CMakeFiles/F103Template.dir/Drivers/STM32F1xx_HAL_Driver/Src/stm32f1xx_hal_rcc.c.obj
                0x0000000008002788                HAL_RCC_NMI_IRQHandler
 .text.RCC_Delay
                0x00000000080027b0       0x3c CMakeFiles/F103Template.dir/Drivers/STM32F1xx_HAL_Driver/Src/stm32f1xx_hal_rcc.c.obj
 .text.HAL_RCC_CSSCallback
                0x00000000080027ec        0xc CMakeFiles/F103Template.dir/Drivers/STM32F1xx_HAL_Driver/Src/stm32f1xx_hal_rcc.c.obj
                0x00000000080027ec                HAL_RCC_CSSCallback
 .text.HAL_RCCEx_PeriphCLKConfig
                0x00000000080027f8      0x16c CMakeFiles/F103Template.dir/Drivers/STM32F1xx_HAL_Driver/Src/stm32f1xx_hal_rcc_ex.c.obj
                0x00000000080027f8                HAL_RCCEx_PeriphCLKConfig
 .text.HAL_RCCEx_GetPeriphCLKFreq
                0x0000000008002964      0x16c CMakeFiles/F103Template.dir/Drivers/STM32F1xx_HAL_Driver/Src/stm32f1xx_hal_rcc_ex.c.obj
                0x0000000008002964                HAL_RCCEx_GetPeriphCLKFreq
 .text.HAL_GPIO_Init
                0x0000000008002ad0      0x308 CMakeFiles/F103Template.dir/Drivers/STM32F1xx_HAL_Driver/Src/stm32f1xx_hal_gpio.c.obj
                0x0000000008002ad0                HAL_GPIO_Init
 .text.HAL_GPIO_WritePin
                0x0000000008002dd8       0x30 CMakeFiles/F103Template.dir/Drivers/STM32F1xx_HAL_Driver/Src/stm32f1xx_hal_gpio.c.obj
                0x0000000008002dd8                HAL_GPIO_WritePin
 .text.HAL_GPIO_TogglePin
                0x0000000008002e08       0x32 CMakeFiles/F103Template.dir/Drivers/STM32F1xx_HAL_Driver/Src/stm32f1xx_hal_gpio.c.obj
                0x0000000008002e08                HAL_GPIO_TogglePin
 *fill*         0x0000000008002e3a        0x2 
 .text.HAL_GPIO_EXTI_IRQHandler
                0x0000000008002e3c       0x30 CMakeFiles/F103Template.dir/Drivers/STM32F1xx_HAL_Driver/Src/stm32f1xx_hal_gpio.c.obj
                0x0000000008002e3c                HAL_GPIO_EXTI_IRQHandler
 .text.HAL_DMA_Init
                0x0000000008002e6c       0xb4 CMakeFiles/F103Template.dir/Drivers/STM32F1xx_HAL_Driver/Src/stm32f1xx_hal_dma.c.obj
                0x0000000008002e6c                HAL_DMA_Init
 .text.HAL_DMA_Start_IT
                0x0000000008002f20       0xc0 CMakeFiles/F103Template.dir/Drivers/STM32F1xx_HAL_Driver/Src/stm32f1xx_hal_dma.c.obj
                0x0000000008002f20                HAL_DMA_Start_IT
 .text.HAL_DMA_Abort_IT
                0x0000000008002fe0       0xf0 CMakeFiles/F103Template.dir/Drivers/STM32F1xx_HAL_Driver/Src/stm32f1xx_hal_dma.c.obj
                0x0000000008002fe0                HAL_DMA_Abort_IT
 .text.HAL_DMA_IRQHandler
                0x00000000080030d0      0x20c CMakeFiles/F103Template.dir/Drivers/STM32F1xx_HAL_Driver/Src/stm32f1xx_hal_dma.c.obj
                0x00000000080030d0                HAL_DMA_IRQHandler
 .text.DMA_SetConfig
                0x00000000080032dc       0x5a CMakeFiles/F103Template.dir/Drivers/STM32F1xx_HAL_Driver/Src/stm32f1xx_hal_dma.c.obj
 *fill*         0x0000000008003336        0x2 
 .text.__NVIC_SetPriorityGrouping
                0x0000000008003338       0x48 CMakeFiles/F103Template.dir/Drivers/STM32F1xx_HAL_Driver/Src/stm32f1xx_hal_cortex.c.obj
 .text.__NVIC_GetPriorityGrouping
                0x0000000008003380       0x1c CMakeFiles/F103Template.dir/Drivers/STM32F1xx_HAL_Driver/Src/stm32f1xx_hal_cortex.c.obj
 .text.__NVIC_EnableIRQ
                0x000000000800339c       0x38 CMakeFiles/F103Template.dir/Drivers/STM32F1xx_HAL_Driver/Src/stm32f1xx_hal_cortex.c.obj
 .text.__NVIC_SetPriority
                0x00000000080033d4       0x54 CMakeFiles/F103Template.dir/Drivers/STM32F1xx_HAL_Driver/Src/stm32f1xx_hal_cortex.c.obj
 .text.NVIC_EncodePriority
                0x0000000008003428       0x64 CMakeFiles/F103Template.dir/Drivers/STM32F1xx_HAL_Driver/Src/stm32f1xx_hal_cortex.c.obj
 .text.SysTick_Config
                0x000000000800348c       0x44 CMakeFiles/F103Template.dir/Drivers/STM32F1xx_HAL_Driver/Src/stm32f1xx_hal_cortex.c.obj
 .text.HAL_NVIC_SetPriorityGrouping
                0x00000000080034d0       0x16 CMakeFiles/F103Template.dir/Drivers/STM32F1xx_HAL_Driver/Src/stm32f1xx_hal_cortex.c.obj
                0x00000000080034d0                HAL_NVIC_SetPriorityGrouping
 .text.HAL_NVIC_SetPriority
                0x00000000080034e6       0x38 CMakeFiles/F103Template.dir/Drivers/STM32F1xx_HAL_Driver/Src/stm32f1xx_hal_cortex.c.obj
                0x00000000080034e6                HAL_NVIC_SetPriority
 .text.HAL_NVIC_EnableIRQ
                0x000000000800351e       0x1c CMakeFiles/F103Template.dir/Drivers/STM32F1xx_HAL_Driver/Src/stm32f1xx_hal_cortex.c.obj
                0x000000000800351e                HAL_NVIC_EnableIRQ
 .text.HAL_SYSTICK_Config
                0x000000000800353a       0x18 CMakeFiles/F103Template.dir/Drivers/STM32F1xx_HAL_Driver/Src/stm32f1xx_hal_cortex.c.obj
                0x000000000800353a                HAL_SYSTICK_Config
 *fill*         0x0000000008003552        0x2 
 .text.HAL_I2C_Init
                0x0000000008003554      0x288 CMakeFiles/F103Template.dir/Drivers/STM32F1xx_HAL_Driver/Src/stm32f1xx_hal_i2c.c.obj
                0x0000000008003554                HAL_I2C_Init
 .text.HAL_I2C_Master_Transmit
                0x00000000080037dc      0x1fc CMakeFiles/F103Template.dir/Drivers/STM32F1xx_HAL_Driver/Src/stm32f1xx_hal_i2c.c.obj
                0x00000000080037dc                HAL_I2C_Master_Transmit
 .text.I2C_MasterRequestWrite
                0x00000000080039d8      0x104 CMakeFiles/F103Template.dir/Drivers/STM32F1xx_HAL_Driver/Src/stm32f1xx_hal_i2c.c.obj
 .text.I2C_WaitOnFlagUntilTimeout
                0x0000000008003adc       0xf4 CMakeFiles/F103Template.dir/Drivers/STM32F1xx_HAL_Driver/Src/stm32f1xx_hal_i2c.c.obj
 .text.I2C_WaitOnMasterAddressFlagUntilTimeout
                0x0000000008003bd0      0x140 CMakeFiles/F103Template.dir/Drivers/STM32F1xx_HAL_Driver/Src/stm32f1xx_hal_i2c.c.obj
 .text.I2C_WaitOnTXEFlagUntilTimeout
                0x0000000008003d10       0x90 CMakeFiles/F103Template.dir/Drivers/STM32F1xx_HAL_Driver/Src/stm32f1xx_hal_i2c.c.obj
 .text.I2C_WaitOnBTFFlagUntilTimeout
                0x0000000008003da0       0x90 CMakeFiles/F103Template.dir/Drivers/STM32F1xx_HAL_Driver/Src/stm32f1xx_hal_i2c.c.obj
 .text.I2C_IsAcknowledgeFailed
                0x0000000008003e30       0x5c CMakeFiles/F103Template.dir/Drivers/STM32F1xx_HAL_Driver/Src/stm32f1xx_hal_i2c.c.obj
 .text.HAL_SPI_Init
                0x0000000008003e8c      0x108 CMakeFiles/F103Template.dir/Drivers/STM32F1xx_HAL_Driver/Src/stm32f1xx_hal_spi.c.obj
                0x0000000008003e8c                HAL_SPI_Init
 .text.HAL_TIM_Base_Init
                0x0000000008003f94       0x9e CMakeFiles/F103Template.dir/Drivers/STM32F1xx_HAL_Driver/Src/stm32f1xx_hal_tim.c.obj
                0x0000000008003f94                HAL_TIM_Base_Init
 .text.HAL_TIM_PWM_Init
                0x0000000008004032       0x9e CMakeFiles/F103Template.dir/Drivers/STM32F1xx_HAL_Driver/Src/stm32f1xx_hal_tim.c.obj
                0x0000000008004032                HAL_TIM_PWM_Init
 .text.HAL_TIM_PWM_Stop_DMA
                0x00000000080040d0      0x18c CMakeFiles/F103Template.dir/Drivers/STM32F1xx_HAL_Driver/Src/stm32f1xx_hal_tim.c.obj
                0x00000000080040d0                HAL_TIM_PWM_Stop_DMA
 .text.HAL_TIM_IRQHandler
                0x000000000800425c      0x210 CMakeFiles/F103Template.dir/Drivers/STM32F1xx_HAL_Driver/Src/stm32f1xx_hal_tim.c.obj
                0x000000000800425c                HAL_TIM_IRQHandler
 .text.HAL_TIM_PWM_ConfigChannel
                0x000000000800446c      0x184 CMakeFiles/F103Template.dir/Drivers/STM32F1xx_HAL_Driver/Src/stm32f1xx_hal_tim.c.obj
                0x000000000800446c                HAL_TIM_PWM_ConfigChannel
 .text.HAL_TIM_ConfigClockSource
                0x00000000080045f0      0x18e CMakeFiles/F103Template.dir/Drivers/STM32F1xx_HAL_Driver/Src/stm32f1xx_hal_tim.c.obj
                0x00000000080045f0                HAL_TIM_ConfigClockSource
 .text.HAL_TIM_PeriodElapsedCallback
                0x000000000800477e       0x12 CMakeFiles/F103Template.dir/Drivers/STM32F1xx_HAL_Driver/Src/stm32f1xx_hal_tim.c.obj
                0x000000000800477e                HAL_TIM_PeriodElapsedCallback
 .text.HAL_TIM_OC_DelayElapsedCallback
                0x0000000008004790       0x12 CMakeFiles/F103Template.dir/Drivers/STM32F1xx_HAL_Driver/Src/stm32f1xx_hal_tim.c.obj
                0x0000000008004790                HAL_TIM_OC_DelayElapsedCallback
 .text.HAL_TIM_IC_CaptureCallback
                0x00000000080047a2       0x12 CMakeFiles/F103Template.dir/Drivers/STM32F1xx_HAL_Driver/Src/stm32f1xx_hal_tim.c.obj
                0x00000000080047a2                HAL_TIM_IC_CaptureCallback
 .text.HAL_TIM_TriggerCallback
                0x00000000080047b4       0x12 CMakeFiles/F103Template.dir/Drivers/STM32F1xx_HAL_Driver/Src/stm32f1xx_hal_tim.c.obj
                0x00000000080047b4                HAL_TIM_TriggerCallback
 *fill*         0x00000000080047c6        0x2 
 .text.TIM_Base_SetConfig
                0x00000000080047c8       0xc4 CMakeFiles/F103Template.dir/Drivers/STM32F1xx_HAL_Driver/Src/stm32f1xx_hal_tim.c.obj
                0x00000000080047c8                TIM_Base_SetConfig
 .text.TIM_OC1_SetConfig
                0x000000000800488c       0xcc CMakeFiles/F103Template.dir/Drivers/STM32F1xx_HAL_Driver/Src/stm32f1xx_hal_tim.c.obj
 .text.TIM_OC2_SetConfig
                0x0000000008004958       0xd4 CMakeFiles/F103Template.dir/Drivers/STM32F1xx_HAL_Driver/Src/stm32f1xx_hal_tim.c.obj
                0x0000000008004958                TIM_OC2_SetConfig
 .text.TIM_OC3_SetConfig
                0x0000000008004a2c       0xd4 CMakeFiles/F103Template.dir/Drivers/STM32F1xx_HAL_Driver/Src/stm32f1xx_hal_tim.c.obj
 .text.TIM_OC4_SetConfig
                0x0000000008004b00       0x9c CMakeFiles/F103Template.dir/Drivers/STM32F1xx_HAL_Driver/Src/stm32f1xx_hal_tim.c.obj
 .text.TIM_TI1_ConfigInputStage
                0x0000000008004b9c       0x5c CMakeFiles/F103Template.dir/Drivers/STM32F1xx_HAL_Driver/Src/stm32f1xx_hal_tim.c.obj
 .text.TIM_TI2_ConfigInputStage
                0x0000000008004bf8       0x5e CMakeFiles/F103Template.dir/Drivers/STM32F1xx_HAL_Driver/Src/stm32f1xx_hal_tim.c.obj
 .text.TIM_ITRx_SetConfig
                0x0000000008004c56       0x34 CMakeFiles/F103Template.dir/Drivers/STM32F1xx_HAL_Driver/Src/stm32f1xx_hal_tim.c.obj
 .text.TIM_ETR_SetConfig
                0x0000000008004c8a       0x3e CMakeFiles/F103Template.dir/Drivers/STM32F1xx_HAL_Driver/Src/stm32f1xx_hal_tim.c.obj
                0x0000000008004c8a                TIM_ETR_SetConfig
 .text.TIM_CCxChannelCmd
                0x0000000008004cc8       0x48 CMakeFiles/F103Template.dir/Drivers/STM32F1xx_HAL_Driver/Src/stm32f1xx_hal_tim.c.obj
                0x0000000008004cc8                TIM_CCxChannelCmd
 .text.HAL_TIMEx_MasterConfigSynchronization
                0x0000000008004d10       0xbc CMakeFiles/F103Template.dir/Drivers/STM32F1xx_HAL_Driver/Src/stm32f1xx_hal_tim_ex.c.obj
                0x0000000008004d10                HAL_TIMEx_MasterConfigSynchronization
 .text.HAL_TIMEx_ConfigBreakDeadTime
                0x0000000008004dcc       0xa2 CMakeFiles/F103Template.dir/Drivers/STM32F1xx_HAL_Driver/Src/stm32f1xx_hal_tim_ex.c.obj
                0x0000000008004dcc                HAL_TIMEx_ConfigBreakDeadTime
 .text.HAL_TIMEx_CommutCallback
                0x0000000008004e6e       0x12 CMakeFiles/F103Template.dir/Drivers/STM32F1xx_HAL_Driver/Src/stm32f1xx_hal_tim_ex.c.obj
                0x0000000008004e6e                HAL_TIMEx_CommutCallback
 .text.HAL_TIMEx_BreakCallback
                0x0000000008004e80       0x12 CMakeFiles/F103Template.dir/Drivers/STM32F1xx_HAL_Driver/Src/stm32f1xx_hal_tim_ex.c.obj
                0x0000000008004e80                HAL_TIMEx_BreakCallback
 .text.HAL_UART_Init
                0x0000000008004e92       0xa0 CMakeFiles/F103Template.dir/Drivers/STM32F1xx_HAL_Driver/Src/stm32f1xx_hal_uart.c.obj
                0x0000000008004e92                HAL_UART_Init
 .text.HAL_UART_Transmit
                0x0000000008004f32      0x106 CMakeFiles/F103Template.dir/Drivers/STM32F1xx_HAL_Driver/Src/stm32f1xx_hal_uart.c.obj
                0x0000000008004f32                HAL_UART_Transmit
 .text.UART_WaitOnFlagUntilTimeout
                0x0000000008005038       0xdc CMakeFiles/F103Template.dir/Drivers/STM32F1xx_HAL_Driver/Src/stm32f1xx_hal_uart.c.obj
 .text.UART_SetConfig
                0x0000000008005114      0x11c CMakeFiles/F103Template.dir/Drivers/STM32F1xx_HAL_Driver/Src/stm32f1xx_hal_uart.c.obj
 .text.SystemInit
                0x0000000008005230        0xc CMakeFiles/F103Template.dir/Core/Src/system_stm32f1xx.c.obj
                0x0000000008005230                SystemInit
 .text._sbrk    0x000000000800523c       0x6c CMakeFiles/F103Template.dir/Core/Src/sysmem.c.obj
                0x000000000800523c                _sbrk
 .text._read    0x00000000080052a8       0x3a CMakeFiles/F103Template.dir/Core/Src/syscalls.c.obj
                0x00000000080052a8                _read
 .text._close   0x00000000080052e2       0x16 CMakeFiles/F103Template.dir/Core/Src/syscalls.c.obj
                0x00000000080052e2                _close
 .text._fstat   0x00000000080052f8       0x1e CMakeFiles/F103Template.dir/Core/Src/syscalls.c.obj
                0x00000000080052f8                _fstat
 .text._isatty  0x0000000008005316       0x14 CMakeFiles/F103Template.dir/Core/Src/syscalls.c.obj
                0x0000000008005316                _isatty
 .text._lseek   0x000000000800532a       0x18 CMakeFiles/F103Template.dir/Core/Src/syscalls.c.obj
                0x000000000800532a                _lseek
 *fill*         0x0000000008005342        0x2 
 .text.Reset_Handler
                0x0000000008005344       0x48 CMakeFiles/F103Template.dir/startup_stm32f103xb.s.obj
                0x0000000008005344                Reset_Handler
 .text.Default_Handler
                0x000000000800538c        0x2 CMakeFiles/F103Template.dir/startup_stm32f103xb.s.obj
                0x000000000800538c                RTC_Alarm_IRQHandler
                0x000000000800538c                EXTI2_IRQHandler
                0x000000000800538c                TIM1_CC_IRQHandler
                0x000000000800538c                PVD_IRQHandler
                0x000000000800538c                EXTI3_IRQHandler
                0x000000000800538c                EXTI0_IRQHandler
                0x000000000800538c                I2C2_EV_IRQHandler
                0x000000000800538c                SPI1_IRQHandler
                0x000000000800538c                TAMPER_IRQHandler
                0x000000000800538c                DMA1_Channel4_IRQHandler
                0x000000000800538c                USART3_IRQHandler
                0x000000000800538c                RTC_IRQHandler
                0x000000000800538c                DMA1_Channel7_IRQHandler
                0x000000000800538c                CAN1_RX1_IRQHandler
                0x000000000800538c                TIM4_IRQHandler
                0x000000000800538c                I2C1_EV_IRQHandler
                0x000000000800538c                DMA1_Channel6_IRQHandler
                0x000000000800538c                TIM3_IRQHandler
                0x000000000800538c                RCC_IRQHandler
                0x000000000800538c                TIM1_TRG_COM_IRQHandler
                0x000000000800538c                Default_Handler
                0x000000000800538c                EXTI9_5_IRQHandler
                0x000000000800538c                SPI2_IRQHandler
                0x000000000800538c                EXTI4_IRQHandler
                0x000000000800538c                USB_LP_CAN1_RX0_IRQHandler
                0x000000000800538c                USB_HP_CAN1_TX_IRQHandler
                0x000000000800538c                DMA1_Channel3_IRQHandler
                0x000000000800538c                TIM1_UP_IRQHandler
                0x000000000800538c                WWDG_IRQHandler
                0x000000000800538c                TIM1_BRK_IRQHandler
                0x000000000800538c                EXTI1_IRQHandler
                0x000000000800538c                USART2_IRQHandler
                0x000000000800538c                I2C2_ER_IRQHandler
                0x000000000800538c                DMA1_Channel2_IRQHandler
                0x000000000800538c                CAN1_SCE_IRQHandler
                0x000000000800538c                FLASH_IRQHandler
                0x000000000800538c                USART1_IRQHandler
                0x000000000800538c                I2C1_ER_IRQHandler
                0x000000000800538c                USBWakeUp_IRQHandler
 *fill*         0x000000000800538e        0x2 
 .text.__errno  0x0000000008005390        0xc /home/wanchuan/Downloads/gcc-arm-none-eabi-10.3-2021.10/bin/../lib/gcc/arm-none-eabi/10.3.1/../../../../arm-none-eabi/lib/thumb/v7-m/nofp/libg_nano.a(lib_a-errno.o)
                0x0000000008005390                __errno
 .text._free_r  0x000000000800539c       0x90 /home/wanchuan/Downloads/gcc-arm-none-eabi-10.3-2021.10/bin/../lib/gcc/arm-none-eabi/10.3.1/../../../../arm-none-eabi/lib/thumb/v7-m/nofp/libg_nano.a(lib_a-nano-freer.o)
                0x000000000800539c                _free_r
 .text.sbrk_aligned
                0x000000000800542c       0x40 /home/wanchuan/Downloads/gcc-arm-none-eabi-10.3-2021.10/bin/../lib/gcc/arm-none-eabi/10.3.1/../../../../arm-none-eabi/lib/thumb/v7-m/nofp/libg_nano.a(lib_a-nano-mallocr.o)
 .text._malloc_r
                0x000000000800546c       0xe8 /home/wanchuan/Downloads/gcc-arm-none-eabi-10.3-2021.10/bin/../lib/gcc/arm-none-eabi/10.3.1/../../../../arm-none-eabi/lib/thumb/v7-m/nofp/libg_nano.a(lib_a-nano-mallocr.o)
                0x000000000800546c                _malloc_r
 .text._puts_r  0x0000000008005554       0xdc /home/wanchuan/Downloads/gcc-arm-none-eabi-10.3-2021.10/bin/../lib/gcc/arm-none-eabi/10.3.1/../../../../arm-none-eabi/lib/thumb/v7-m/nofp/libg_nano.a(lib_a-puts.o)
                0x0000000008005554                _puts_r
 .text.puts     0x0000000008005630       0x10 /home/wanchuan/Downloads/gcc-arm-none-eabi-10.3-2021.10/bin/../lib/gcc/arm-none-eabi/10.3.1/../../../../arm-none-eabi/lib/thumb/v7-m/nofp/libg_nano.a(lib_a-puts.o)
                0x0000000008005630                puts
 .text._sbrk_r  0x0000000008005640       0x20 /home/wanchuan/Downloads/gcc-arm-none-eabi-10.3-2021.10/bin/../lib/gcc/arm-none-eabi/10.3.1/../../../../arm-none-eabi/lib/thumb/v7-m/nofp/libg_nano.a(lib_a-sbrkr.o)
                0x0000000008005640                _sbrk_r
 .text.sprintf  0x0000000008005660       0x40 /home/wanchuan/Downloads/gcc-arm-none-eabi-10.3-2021.10/bin/../lib/gcc/arm-none-eabi/10.3.1/../../../../arm-none-eabi/lib/thumb/v7-m/nofp/libg_nano.a(lib_a-sprintf.o)
                0x0000000008005660                sprintf
                0x0000000008005660                siprintf
 .text.__swbuf_r
                0x00000000080056a0       0xa4 /home/wanchuan/Downloads/gcc-arm-none-eabi-10.3-2021.10/bin/../lib/gcc/arm-none-eabi/10.3.1/../../../../arm-none-eabi/lib/thumb/v7-m/nofp/libg_nano.a(lib_a-wbuf.o)
                0x00000000080056a0                __swbuf_r
 .text.__swsetup_r
                0x0000000008005744       0xdc /home/wanchuan/Downloads/gcc-arm-none-eabi-10.3-2021.10/bin/../lib/gcc/arm-none-eabi/10.3.1/../../../../arm-none-eabi/lib/thumb/v7-m/nofp/libg_nano.a(lib_a-wsetup.o)
                0x0000000008005744                __swsetup_r
 .text.__sflush_r
                0x0000000008005820      0x104 /home/wanchuan/Downloads/gcc-arm-none-eabi-10.3-2021.10/bin/../lib/gcc/arm-none-eabi/10.3.1/../../../../arm-none-eabi/lib/thumb/v7-m/nofp/libg_nano.a(lib_a-fflush.o)
                0x0000000008005820                __sflush_r
 .text._fflush_r
                0x0000000008005924       0x78 /home/wanchuan/Downloads/gcc-arm-none-eabi-10.3-2021.10/bin/../lib/gcc/arm-none-eabi/10.3.1/../../../../arm-none-eabi/lib/thumb/v7-m/nofp/libg_nano.a(lib_a-fflush.o)
                0x0000000008005924                _fflush_r
 .text.std      0x000000000800599c       0x48 /home/wanchuan/Downloads/gcc-arm-none-eabi-10.3-2021.10/bin/../lib/gcc/arm-none-eabi/10.3.1/../../../../arm-none-eabi/lib/thumb/v7-m/nofp/libg_nano.a(lib_a-findfp.o)
 .text._cleanup_r
                0x00000000080059e4        0xc /home/wanchuan/Downloads/gcc-arm-none-eabi-10.3-2021.10/bin/../lib/gcc/arm-none-eabi/10.3.1/../../../../arm-none-eabi/lib/thumb/v7-m/nofp/libg_nano.a(lib_a-findfp.o)
                0x00000000080059e4                _cleanup_r
 .text.__sfmoreglue
                0x00000000080059f0       0x2c /home/wanchuan/Downloads/gcc-arm-none-eabi-10.3-2021.10/bin/../lib/gcc/arm-none-eabi/10.3.1/../../../../arm-none-eabi/lib/thumb/v7-m/nofp/libg_nano.a(lib_a-findfp.o)
                0x00000000080059f0                __sfmoreglue
 .text.__sfp_lock_acquire
                0x0000000008005a1c        0xc /home/wanchuan/Downloads/gcc-arm-none-eabi-10.3-2021.10/bin/../lib/gcc/arm-none-eabi/10.3.1/../../../../arm-none-eabi/lib/thumb/v7-m/nofp/libg_nano.a(lib_a-findfp.o)
                0x0000000008005a1c                __sfp_lock_acquire
 .text.__sfp_lock_release
                0x0000000008005a28        0xc /home/wanchuan/Downloads/gcc-arm-none-eabi-10.3-2021.10/bin/../lib/gcc/arm-none-eabi/10.3.1/../../../../arm-none-eabi/lib/thumb/v7-m/nofp/libg_nano.a(lib_a-findfp.o)
                0x0000000008005a28                __sfp_lock_release
 .text.__sinit_lock_acquire
                0x0000000008005a34        0xc /home/wanchuan/Downloads/gcc-arm-none-eabi-10.3-2021.10/bin/../lib/gcc/arm-none-eabi/10.3.1/../../../../arm-none-eabi/lib/thumb/v7-m/nofp/libg_nano.a(lib_a-findfp.o)
                0x0000000008005a34                __sinit_lock_acquire
 .text.__sinit_lock_release
                0x0000000008005a40        0xc /home/wanchuan/Downloads/gcc-arm-none-eabi-10.3-2021.10/bin/../lib/gcc/arm-none-eabi/10.3.1/../../../../arm-none-eabi/lib/thumb/v7-m/nofp/libg_nano.a(lib_a-findfp.o)
                0x0000000008005a40                __sinit_lock_release
 .text.__sinit  0x0000000008005a4c       0x70 /home/wanchuan/Downloads/gcc-arm-none-eabi-10.3-2021.10/bin/../lib/gcc/arm-none-eabi/10.3.1/../../../../arm-none-eabi/lib/thumb/v7-m/nofp/libg_nano.a(lib_a-findfp.o)
                0x0000000008005a4c                __sinit
 .text.__sfp    0x0000000008005abc       0x8c /home/wanchuan/Downloads/gcc-arm-none-eabi-10.3-2021.10/bin/../lib/gcc/arm-none-eabi/10.3.1/../../../../arm-none-eabi/lib/thumb/v7-m/nofp/libg_nano.a(lib_a-findfp.o)
                0x0000000008005abc                __sfp
 .text._fwalk_reent
                0x0000000008005b48       0x3e /home/wanchuan/Downloads/gcc-arm-none-eabi-10.3-2021.10/bin/../lib/gcc/arm-none-eabi/10.3.1/../../../../arm-none-eabi/lib/thumb/v7-m/nofp/libg_nano.a(lib_a-fwalk.o)
                0x0000000008005b48                _fwalk_reent
 .text.__retarget_lock_init_recursive
                0x0000000008005b86        0x2 /home/wanchuan/Downloads/gcc-arm-none-eabi-10.3-2021.10/bin/../lib/gcc/arm-none-eabi/10.3.1/../../../../arm-none-eabi/lib/thumb/v7-m/nofp/libg_nano.a(lib_a-lock.o)
                0x0000000008005b86                __retarget_lock_init_recursive
 .text.__retarget_lock_acquire_recursive
                0x0000000008005b88        0x2 /home/wanchuan/Downloads/gcc-arm-none-eabi-10.3-2021.10/bin/../lib/gcc/arm-none-eabi/10.3.1/../../../../arm-none-eabi/lib/thumb/v7-m/nofp/libg_nano.a(lib_a-lock.o)
                0x0000000008005b88                __retarget_lock_acquire_recursive
 .text.__retarget_lock_release_recursive
                0x0000000008005b8a        0x2 /home/wanchuan/Downloads/gcc-arm-none-eabi-10.3-2021.10/bin/../lib/gcc/arm-none-eabi/10.3.1/../../../../arm-none-eabi/lib/thumb/v7-m/nofp/libg_nano.a(lib_a-lock.o)
                0x0000000008005b8a                __retarget_lock_release_recursive
 .text.__swhatbuf_r
                0x0000000008005b8c       0x4a /home/wanchuan/Downloads/gcc-arm-none-eabi-10.3-2021.10/bin/../lib/gcc/arm-none-eabi/10.3.1/../../../../arm-none-eabi/lib/thumb/v7-m/nofp/libg_nano.a(lib_a-makebuf.o)
                0x0000000008005b8c                __swhatbuf_r
 *fill*         0x0000000008005bd6        0x2 
 .text.__smakebuf_r
                0x0000000008005bd8       0x80 /home/wanchuan/Downloads/gcc-arm-none-eabi-10.3-2021.10/bin/../lib/gcc/arm-none-eabi/10.3.1/../../../../arm-none-eabi/lib/thumb/v7-m/nofp/libg_nano.a(lib_a-makebuf.o)
                0x0000000008005bd8                __smakebuf_r
 .text.__malloc_lock
                0x0000000008005c58        0xc /home/wanchuan/Downloads/gcc-arm-none-eabi-10.3-2021.10/bin/../lib/gcc/arm-none-eabi/10.3.1/../../../../arm-none-eabi/lib/thumb/v7-m/nofp/libg_nano.a(lib_a-mlock.o)
                0x0000000008005c58                __malloc_lock
 .text.__malloc_unlock
                0x0000000008005c64        0xc /home/wanchuan/Downloads/gcc-arm-none-eabi-10.3-2021.10/bin/../lib/gcc/arm-none-eabi/10.3.1/../../../../arm-none-eabi/lib/thumb/v7-m/nofp/libg_nano.a(lib_a-mlock.o)
                0x0000000008005c64                __malloc_unlock
 .text.__ssputs_r
                0x0000000008005c70       0xb6 /home/wanchuan/Downloads/gcc-arm-none-eabi-10.3-2021.10/bin/../lib/gcc/arm-none-eabi/10.3.1/../../../../arm-none-eabi/lib/thumb/v7-m/nofp/libg_nano.a(lib_a-nano-svfprintf.o)
                0x0000000008005c70                __ssputs_r
 *fill*         0x0000000008005d26        0x2 
 .text._svfprintf_r
                0x0000000008005d28      0x200 /home/wanchuan/Downloads/gcc-arm-none-eabi-10.3-2021.10/bin/../lib/gcc/arm-none-eabi/10.3.1/../../../../arm-none-eabi/lib/thumb/v7-m/nofp/libg_nano.a(lib_a-nano-svfprintf.o)
                0x0000000008005d28                _svfprintf_r
                0x0000000008005d28                _svfiprintf_r
 .text._printf_common
                0x0000000008005f28       0xde /home/wanchuan/Downloads/gcc-arm-none-eabi-10.3-2021.10/bin/../lib/gcc/arm-none-eabi/10.3.1/../../../../arm-none-eabi/lib/thumb/v7-m/nofp/libg_nano.a(lib_a-nano-vfprintf_i.o)
                0x0000000008005f28                _printf_common
 *fill*         0x0000000008006006        0x2 
 .text._printf_i
                0x0000000008006008      0x24c /home/wanchuan/Downloads/gcc-arm-none-eabi-10.3-2021.10/bin/../lib/gcc/arm-none-eabi/10.3.1/../../../../arm-none-eabi/lib/thumb/v7-m/nofp/libg_nano.a(lib_a-nano-vfprintf_i.o)
                0x0000000008006008                _printf_i
 .text.__sread  0x0000000008006254       0x22 /home/wanchuan/Downloads/gcc-arm-none-eabi-10.3-2021.10/bin/../lib/gcc/arm-none-eabi/10.3.1/../../../../arm-none-eabi/lib/thumb/v7-m/nofp/libg_nano.a(lib_a-stdio.o)
                0x0000000008006254                __sread
 .text.__swrite
                0x0000000008006276       0x38 /home/wanchuan/Downloads/gcc-arm-none-eabi-10.3-2021.10/bin/../lib/gcc/arm-none-eabi/10.3.1/../../../../arm-none-eabi/lib/thumb/v7-m/nofp/libg_nano.a(lib_a-stdio.o)
                0x0000000008006276                __swrite
 .text.__sseek  0x00000000080062ae       0x24 /home/wanchuan/Downloads/gcc-arm-none-eabi-10.3-2021.10/bin/../lib/gcc/arm-none-eabi/10.3.1/../../../../arm-none-eabi/lib/thumb/v7-m/nofp/libg_nano.a(lib_a-stdio.o)
                0x00000000080062ae                __sseek
 .text.__sclose
                0x00000000080062d2        0x8 /home/wanchuan/Downloads/gcc-arm-none-eabi-10.3-2021.10/bin/../lib/gcc/arm-none-eabi/10.3.1/../../../../arm-none-eabi/lib/thumb/v7-m/nofp/libg_nano.a(lib_a-stdio.o)
                0x00000000080062d2                __sclose
 *fill*         0x00000000080062da        0x2 
 .text._write_r
                0x00000000080062dc       0x24 /home/wanchuan/Downloads/gcc-arm-none-eabi-10.3-2021.10/bin/../lib/gcc/arm-none-eabi/10.3.1/../../../../arm-none-eabi/lib/thumb/v7-m/nofp/libg_nano.a(lib_a-writer.o)
                0x00000000080062dc                _write_r
 .text._close_r
                0x0000000008006300       0x20 /home/wanchuan/Downloads/gcc-arm-none-eabi-10.3-2021.10/bin/../lib/gcc/arm-none-eabi/10.3.1/../../../../arm-none-eabi/lib/thumb/v7-m/nofp/libg_nano.a(lib_a-closer.o)
                0x0000000008006300                _close_r
 .text._fstat_r
                0x0000000008006320       0x24 /home/wanchuan/Downloads/gcc-arm-none-eabi-10.3-2021.10/bin/../lib/gcc/arm-none-eabi/10.3.1/../../../../arm-none-eabi/lib/thumb/v7-m/nofp/libg_nano.a(lib_a-fstatr.o)
                0x0000000008006320                _fstat_r
 .text._isatty_r
                0x0000000008006344       0x20 /home/wanchuan/Downloads/gcc-arm-none-eabi-10.3-2021.10/bin/../lib/gcc/arm-none-eabi/10.3.1/../../../../arm-none-eabi/lib/thumb/v7-m/nofp/libg_nano.a(lib_a-isattyr.o)
                0x0000000008006344                _isatty_r
 .text._lseek_r
                0x0000000008006364       0x24 /home/wanchuan/Downloads/gcc-arm-none-eabi-10.3-2021.10/bin/../lib/gcc/arm-none-eabi/10.3.1/../../../../arm-none-eabi/lib/thumb/v7-m/nofp/libg_nano.a(lib_a-lseekr.o)
                0x0000000008006364                _lseek_r
 .text.memchr   0x0000000008006388       0x1c /home/wanchuan/Downloads/gcc-arm-none-eabi-10.3-2021.10/bin/../lib/gcc/arm-none-eabi/10.3.1/../../../../arm-none-eabi/lib/thumb/v7-m/nofp/libg_nano.a(lib_a-memchr-stub.o)
                0x0000000008006388                memchr
 .text.memcpy   0x00000000080063a4       0x1c /home/wanchuan/Downloads/gcc-arm-none-eabi-10.3-2021.10/bin/../lib/gcc/arm-none-eabi/10.3.1/../../../../arm-none-eabi/lib/thumb/v7-m/nofp/libg_nano.a(lib_a-memcpy-stub.o)
                0x00000000080063a4                memcpy
 .text.memmove  0x00000000080063c0       0x34 /home/wanchuan/Downloads/gcc-arm-none-eabi-10.3-2021.10/bin/../lib/gcc/arm-none-eabi/10.3.1/../../../../arm-none-eabi/lib/thumb/v7-m/nofp/libg_nano.a(lib_a-memmove.o)
                0x00000000080063c0                memmove
 .text._realloc_r
                0x00000000080063f4       0x5e /home/wanchuan/Downloads/gcc-arm-none-eabi-10.3-2021.10/bin/../lib/gcc/arm-none-eabi/10.3.1/../../../../arm-none-eabi/lib/thumb/v7-m/nofp/libg_nano.a(lib_a-nano-reallocr.o)
                0x00000000080063f4                _realloc_r
 *fill*         0x0000000008006452        0x2 
 .text._read_r  0x0000000008006454       0x24 /home/wanchuan/Downloads/gcc-arm-none-eabi-10.3-2021.10/bin/../lib/gcc/arm-none-eabi/10.3.1/../../../../arm-none-eabi/lib/thumb/v7-m/nofp/libg_nano.a(lib_a-readr.o)
                0x0000000008006454                _read_r
 .text._malloc_usable_size_r
                0x0000000008006478       0x10 /home/wanchuan/Downloads/gcc-arm-none-eabi-10.3-2021.10/bin/../lib/gcc/arm-none-eabi/10.3.1/../../../../arm-none-eabi/lib/thumb/v7-m/nofp/libg_nano.a(lib_a-nano-msizer.o)
                0x0000000008006478                _malloc_usable_size_r
 *(.glue_7)
 .glue_7        0x0000000008006488        0x0 linker stubs
 *(.glue_7t)
 .glue_7t       0x0000000008006488        0x0 linker stubs
 *(.eh_frame)
 .eh_frame      0x0000000008006488        0x0 /home/wanchuan/Downloads/gcc-arm-none-eabi-10.3-2021.10/bin/../lib/gcc/arm-none-eabi/10.3.1/thumb/v7-m/nofp/crtbegin.o
 *(.init)
 .init          0x0000000008006488        0x4 /home/wanchuan/Downloads/gcc-arm-none-eabi-10.3-2021.10/bin/../lib/gcc/arm-none-eabi/10.3.1/thumb/v7-m/nofp/crti.o
                0x0000000008006488                _init
 .init          0x000000000800648c        0x8 /home/wanchuan/Downloads/gcc-arm-none-eabi-10.3-2021.10/bin/../lib/gcc/arm-none-eabi/10.3.1/thumb/v7-m/nofp/crtn.o
 *(.fini)
 .fini          0x0000000008006494        0x4 /home/wanchuan/Downloads/gcc-arm-none-eabi-10.3-2021.10/bin/../lib/gcc/arm-none-eabi/10.3.1/thumb/v7-m/nofp/crti.o
                0x0000000008006494                _fini
 .fini          0x0000000008006498        0x8 /home/wanchuan/Downloads/gcc-arm-none-eabi-10.3-2021.10/bin/../lib/gcc/arm-none-eabi/10.3.1/thumb/v7-m/nofp/crtn.o
                0x00000000080064a0                . = ALIGN (0x4)
                0x00000000080064a0                _etext = .

.vfp11_veneer   0x00000000080064a0        0x0
 .vfp11_veneer  0x00000000080064a0        0x0 linker stubs

.v4_bx          0x00000000080064a0        0x0
 .v4_bx         0x00000000080064a0        0x0 linker stubs

.iplt           0x00000000080064a0        0x0
 .iplt          0x00000000080064a0        0x0 /home/wanchuan/Downloads/gcc-arm-none-eabi-10.3-2021.10/bin/../lib/gcc/arm-none-eabi/10.3.1/thumb/v7-m/nofp/crtbegin.o

.rodata         0x00000000080064a0      0x930
                0x00000000080064a0                . = ALIGN (0x4)
 *(.rodata)
 .rodata        0x00000000080064a0       0x4d CMakeFiles/F103Template.dir/Core/Src/main.c.obj
 *(.rodata*)
 *fill*         0x00000000080064ed        0x3 
 .rodata._global_impure_ptr
                0x00000000080064f0        0x4 /home/wanchuan/Downloads/gcc-arm-none-eabi-10.3-2021.10/bin/../lib/gcc/arm-none-eabi/10.3.1/../../../../arm-none-eabi/lib/thumb/v7-m/nofp/libc_nano.a(lib_a-impure.o)
                0x00000000080064f0                _global_impure_ptr
 .rodata.F6x8   0x00000000080064f4      0x228 CMakeFiles/F103Template.dir/Core/Src/screen.c.obj
                0x00000000080064f4                F6x8
 .rodata.F8X16  0x000000000800671c      0x5e0 CMakeFiles/F103Template.dir/Core/Src/screen.c.obj
                0x000000000800671c                F8X16
 .rodata.aPLLMULFactorTable.1
                0x0000000008006cfc       0x10 CMakeFiles/F103Template.dir/Drivers/STM32F1xx_HAL_Driver/Src/stm32f1xx_hal_rcc.c.obj
 .rodata.aPredivFactorTable.0
                0x0000000008006d0c        0x2 CMakeFiles/F103Template.dir/Drivers/STM32F1xx_HAL_Driver/Src/stm32f1xx_hal_rcc.c.obj
 *fill*         0x0000000008006d0e        0x2 
 .rodata.aPLLMULFactorTable.1
                0x0000000008006d10       0x10 CMakeFiles/F103Template.dir/Drivers/STM32F1xx_HAL_Driver/Src/stm32f1xx_hal_rcc_ex.c.obj
 .rodata.aPredivFactorTable.0
                0x0000000008006d20        0x2 CMakeFiles/F103Template.dir/Drivers/STM32F1xx_HAL_Driver/Src/stm32f1xx_hal_rcc_ex.c.obj
 *fill*         0x0000000008006d22        0x2 
 .rodata.AHBPrescTable
                0x0000000008006d24       0x10 CMakeFiles/F103Template.dir/Core/Src/system_stm32f1xx.c.obj
                0x0000000008006d24                AHBPrescTable
 .rodata.APBPrescTable
                0x0000000008006d34        0x8 CMakeFiles/F103Template.dir/Core/Src/system_stm32f1xx.c.obj
                0x0000000008006d34                APBPrescTable
 .rodata.__sf_fake_stderr
                0x0000000008006d3c       0x20 /home/wanchuan/Downloads/gcc-arm-none-eabi-10.3-2021.10/bin/../lib/gcc/arm-none-eabi/10.3.1/../../../../arm-none-eabi/lib/thumb/v7-m/nofp/libg_nano.a(lib_a-findfp.o)
                0x0000000008006d3c                __sf_fake_stderr
 .rodata.__sf_fake_stdin
                0x0000000008006d5c       0x20 /home/wanchuan/Downloads/gcc-arm-none-eabi-10.3-2021.10/bin/../lib/gcc/arm-none-eabi/10.3.1/../../../../arm-none-eabi/lib/thumb/v7-m/nofp/libg_nano.a(lib_a-findfp.o)
                0x0000000008006d5c                __sf_fake_stdin
 .rodata.__sf_fake_stdout
                0x0000000008006d7c       0x20 /home/wanchuan/Downloads/gcc-arm-none-eabi-10.3-2021.10/bin/../lib/gcc/arm-none-eabi/10.3.1/../../../../arm-none-eabi/lib/thumb/v7-m/nofp/libg_nano.a(lib_a-findfp.o)
                0x0000000008006d7c                __sf_fake_stdout
 .rodata._svfprintf_r.str1.1
                0x0000000008006d9c       0x11 /home/wanchuan/Downloads/gcc-arm-none-eabi-10.3-2021.10/bin/../lib/gcc/arm-none-eabi/10.3.1/../../../../arm-none-eabi/lib/thumb/v7-m/nofp/libg_nano.a(lib_a-nano-svfprintf.o)
 .rodata._printf_i.str1.1
                0x0000000008006dad       0x22 /home/wanchuan/Downloads/gcc-arm-none-eabi-10.3-2021.10/bin/../lib/gcc/arm-none-eabi/10.3.1/../../../../arm-none-eabi/lib/thumb/v7-m/nofp/libg_nano.a(lib_a-nano-vfprintf_i.o)
                0x0000000008006dd0                . = ALIGN (0x4)
 *fill*         0x0000000008006dcf        0x1 

.rel.dyn        0x0000000008006dd0        0x0
 .rel.iplt      0x0000000008006dd0        0x0 /home/wanchuan/Downloads/gcc-arm-none-eabi-10.3-2021.10/bin/../lib/gcc/arm-none-eabi/10.3.1/thumb/v7-m/nofp/crtbegin.o

.ARM.extab
 *(.ARM.extab* .gnu.linkonce.armextab.*)

.ARM            0x0000000008006dd0        0x0
                0x0000000008006dd0                __exidx_start = .
 *(.ARM.exidx*)
                0x0000000008006dd0                __exidx_end = .

.preinit_array  0x0000000008006dd0        0x0
                0x0000000008006dd0                PROVIDE (__preinit_array_start = .)
 *(.preinit_array*)
                0x0000000008006dd0                PROVIDE (__preinit_array_end = .)

.init_array     0x0000000008006dd0        0x4
                0x0000000008006dd0                PROVIDE (__init_array_start = .)
 *(SORT_BY_NAME(.init_array.*))
 *(.init_array*)
 .init_array    0x0000000008006dd0        0x4 /home/wanchuan/Downloads/gcc-arm-none-eabi-10.3-2021.10/bin/../lib/gcc/arm-none-eabi/10.3.1/thumb/v7-m/nofp/crtbegin.o
                0x0000000008006dd4                PROVIDE (__init_array_end = .)

.fini_array     0x0000000008006dd4        0x4
                [!provide]                        PROVIDE (__fini_array_start = .)
 *(SORT_BY_NAME(.fini_array.*))
 *(.fini_array*)
 .fini_array    0x0000000008006dd4        0x4 /home/wanchuan/Downloads/gcc-arm-none-eabi-10.3-2021.10/bin/../lib/gcc/arm-none-eabi/10.3.1/thumb/v7-m/nofp/crtbegin.o
                [!provide]                        PROVIDE (__fini_array_end = .)
                0x0000000008006dd8                _sidata = LOADADDR (.data)

.data           0x0000000020000000       0x70 load address 0x0000000008006dd8
                0x0000000020000000                . = ALIGN (0x4)
                0x0000000020000000                _sdata = .
 *(.data)
 *(.data*)
 .data._impure_ptr
                0x0000000020000000        0x4 /home/wanchuan/Downloads/gcc-arm-none-eabi-10.3-2021.10/bin/../lib/gcc/arm-none-eabi/10.3.1/../../../../arm-none-eabi/lib/thumb/v7-m/nofp/libc_nano.a(lib_a-impure.o)
                0x0000000020000000                _impure_ptr
 .data.impure_data
                0x0000000020000004       0x60 /home/wanchuan/Downloads/gcc-arm-none-eabi-10.3-2021.10/bin/../lib/gcc/arm-none-eabi/10.3.1/../../../../arm-none-eabi/lib/thumb/v7-m/nofp/libc_nano.a(lib_a-impure.o)
 .data.uwTickPrio
                0x0000000020000064        0x4 CMakeFiles/F103Template.dir/Drivers/STM32F1xx_HAL_Driver/Src/stm32f1xx_hal.c.obj
                0x0000000020000064                uwTickPrio
 .data.uwTickFreq
                0x0000000020000068        0x1 CMakeFiles/F103Template.dir/Drivers/STM32F1xx_HAL_Driver/Src/stm32f1xx_hal.c.obj
                0x0000000020000068                uwTickFreq
 *fill*         0x0000000020000069        0x3 
 .data.SystemCoreClock
                0x000000002000006c        0x4 CMakeFiles/F103Template.dir/Core/Src/system_stm32f1xx.c.obj
                0x000000002000006c                SystemCoreClock
                0x0000000020000070                . = ALIGN (0x4)
                0x0000000020000070                _edata = .

.igot.plt       0x0000000020000070        0x0 load address 0x0000000008006e48
 .igot.plt      0x0000000020000070        0x0 /home/wanchuan/Downloads/gcc-arm-none-eabi-10.3-2021.10/bin/../lib/gcc/arm-none-eabi/10.3.1/thumb/v7-m/nofp/crtbegin.o
                0x0000000020000070                . = ALIGN (0x4)

.bss            0x0000000020000070      0x2b4 load address 0x0000000008006e48
                0x0000000020000070                _sbss = .
                0x0000000020000070                __bss_start__ = _sbss
 *(.bss)
 .bss           0x0000000020000070       0x1c /home/wanchuan/Downloads/gcc-arm-none-eabi-10.3-2021.10/bin/../lib/gcc/arm-none-eabi/10.3.1/thumb/v7-m/nofp/crtbegin.o
 *(.bss*)
 .bss.hadc1     0x000000002000008c       0x30 CMakeFiles/F103Template.dir/Core/Src/adc.c.obj
                0x000000002000008c                hadc1
 .bss.hdma_adc1
                0x00000000200000bc       0x44 CMakeFiles/F103Template.dir/Core/Src/adc.c.obj
                0x00000000200000bc                hdma_adc1
 .bss.hdma_memtomem_dma1_channel3
                0x0000000020000100       0x44 CMakeFiles/F103Template.dir/Core/Src/dma.c.obj
                0x0000000020000100                hdma_memtomem_dma1_channel3
 .bss.hi2c1     0x0000000020000144       0x54 CMakeFiles/F103Template.dir/Core/Src/i2c.c.obj
                0x0000000020000144                hi2c1
 .bss.hspi1     0x0000000020000198       0x58 CMakeFiles/F103Template.dir/Core/Src/spi.c.obj
                0x0000000020000198                hspi1
 .bss.htim1     0x00000000200001f0       0x48 CMakeFiles/F103Template.dir/Core/Src/tim.c.obj
                0x00000000200001f0                htim1
 .bss.htim2     0x0000000020000238       0x48 CMakeFiles/F103Template.dir/Core/Src/tim.c.obj
                0x0000000020000238                htim2
 .bss.hdma_tim2_ch1
                0x0000000020000280       0x44 CMakeFiles/F103Template.dir/Core/Src/tim.c.obj
                0x0000000020000280                hdma_tim2_ch1
 .bss.huart2    0x00000000200002c4       0x48 CMakeFiles/F103Template.dir/Core/Src/usart.c.obj
                0x00000000200002c4                huart2
 .bss.uwTick    0x000000002000030c        0x4 CMakeFiles/F103Template.dir/Drivers/STM32F1xx_HAL_Driver/Src/stm32f1xx_hal.c.obj
                0x000000002000030c                uwTick
 .bss.__sbrk_heap_end
                0x0000000020000310        0x4 CMakeFiles/F103Template.dir/Core/Src/sysmem.c.obj
 .bss.__malloc_free_list
                0x0000000020000314        0x4 /home/wanchuan/Downloads/gcc-arm-none-eabi-10.3-2021.10/bin/../lib/gcc/arm-none-eabi/10.3.1/../../../../arm-none-eabi/lib/thumb/v7-m/nofp/libg_nano.a(lib_a-nano-mallocr.o)
                0x0000000020000314                __malloc_free_list
 .bss.__malloc_sbrk_start
                0x0000000020000318        0x4 /home/wanchuan/Downloads/gcc-arm-none-eabi-10.3-2021.10/bin/../lib/gcc/arm-none-eabi/10.3.1/../../../../arm-none-eabi/lib/thumb/v7-m/nofp/libg_nano.a(lib_a-nano-mallocr.o)
                0x0000000020000318                __malloc_sbrk_start
 .bss.__lock___malloc_recursive_mutex
                0x000000002000031c        0x1 /home/wanchuan/Downloads/gcc-arm-none-eabi-10.3-2021.10/bin/../lib/gcc/arm-none-eabi/10.3.1/../../../../arm-none-eabi/lib/thumb/v7-m/nofp/libg_nano.a(lib_a-lock.o)
                0x000000002000031c                __lock___malloc_recursive_mutex
 .bss.__lock___sfp_recursive_mutex
                0x000000002000031d        0x1 /home/wanchuan/Downloads/gcc-arm-none-eabi-10.3-2021.10/bin/../lib/gcc/arm-none-eabi/10.3.1/../../../../arm-none-eabi/lib/thumb/v7-m/nofp/libg_nano.a(lib_a-lock.o)
                0x000000002000031d                __lock___sfp_recursive_mutex
 .bss.__lock___sinit_recursive_mutex
                0x000000002000031e        0x1 /home/wanchuan/Downloads/gcc-arm-none-eabi-10.3-2021.10/bin/../lib/gcc/arm-none-eabi/10.3.1/../../../../arm-none-eabi/lib/thumb/v7-m/nofp/libg_nano.a(lib_a-lock.o)
                0x000000002000031e                __lock___sinit_recursive_mutex
 *fill*         0x000000002000031f        0x1 
 .bss.errno     0x0000000020000320        0x4 /home/wanchuan/Downloads/gcc-arm-none-eabi-10.3-2021.10/bin/../lib/gcc/arm-none-eabi/10.3.1/../../../../arm-none-eabi/lib/thumb/v7-m/nofp/libg_nano.a(lib_a-reent.o)
                0x0000000020000320                errno
 *(COMMON)
                0x0000000020000324                . = ALIGN (0x4)
                0x0000000020000324                _ebss = .
                0x0000000020000324                __bss_end__ = _ebss

._user_heap_stack
                0x0000000020000324      0x604 load address 0x0000000008006e48
                0x0000000020000328                . = ALIGN (0x8)
 *fill*         0x0000000020000324        0x4 
                [!provide]                        PROVIDE (end = .)
                0x0000000020000328                PROVIDE (_end = .)
                0x0000000020000528                . = (. + _Min_Heap_Size)
 *fill*         0x0000000020000328      0x200 
                0x0000000020000928                . = (. + _Min_Stack_Size)
 *fill*         0x0000000020000528      0x400 
                0x0000000020000928                . = ALIGN (0x8)

/DISCARD/
 libc.a(*)
 libm.a(*)
 libgcc.a(*)

.ARM.attributes
                0x0000000000000000       0x29
 *(.ARM.attributes)
 .ARM.attributes
                0x0000000000000000       0x1d /home/wanchuan/Downloads/gcc-arm-none-eabi-10.3-2021.10/bin/../lib/gcc/arm-none-eabi/10.3.1/thumb/v7-m/nofp/crti.o
 .ARM.attributes
                0x000000000000001d       0x2d /home/wanchuan/Downloads/gcc-arm-none-eabi-10.3-2021.10/bin/../lib/gcc/arm-none-eabi/10.3.1/thumb/v7-m/nofp/crtbegin.o
 .ARM.attributes
                0x000000000000004a       0x2d /home/wanchuan/Downloads/gcc-arm-none-eabi-10.3-2021.10/bin/../lib/gcc/arm-none-eabi/10.3.1/../../../../arm-none-eabi/lib/thumb/v7-m/nofp/libc_nano.a(lib_a-impure.o)
 .ARM.attributes
                0x0000000000000077       0x2d /home/wanchuan/Downloads/gcc-arm-none-eabi-10.3-2021.10/bin/../lib/gcc/arm-none-eabi/10.3.1/../../../../arm-none-eabi/lib/thumb/v7-m/nofp/libc_nano.a(lib_a-init.o)
 .ARM.attributes
                0x00000000000000a4       0x2d /home/wanchuan/Downloads/gcc-arm-none-eabi-10.3-2021.10/bin/../lib/gcc/arm-none-eabi/10.3.1/../../../../arm-none-eabi/lib/thumb/v7-m/nofp/libc_nano.a(lib_a-memset.o)
 .ARM.attributes
                0x00000000000000d1       0x2d CMakeFiles/F103Template.dir/Core/Src/screen.c.obj
 .ARM.attributes
                0x00000000000000fe       0x2d CMakeFiles/F103Template.dir/Core/Src/ws2812.c.obj
 .ARM.attributes
                0x000000000000012b       0x2d CMakeFiles/F103Template.dir/Core/Src/main.c.obj
 .ARM.attributes
                0x0000000000000158       0x2d CMakeFiles/F103Template.dir/Core/Src/gpio.c.obj
 .ARM.attributes
                0x0000000000000185       0x2d CMakeFiles/F103Template.dir/Core/Src/adc.c.obj
 .ARM.attributes
                0x00000000000001b2       0x2d CMakeFiles/F103Template.dir/Core/Src/dma.c.obj
 .ARM.attributes
                0x00000000000001df       0x2d CMakeFiles/F103Template.dir/Core/Src/i2c.c.obj
 .ARM.attributes
                0x000000000000020c       0x2d CMakeFiles/F103Template.dir/Core/Src/spi.c.obj
 .ARM.attributes
                0x0000000000000239       0x2d CMakeFiles/F103Template.dir/Core/Src/tim.c.obj
 .ARM.attributes
                0x0000000000000266       0x2d CMakeFiles/F103Template.dir/Core/Src/usart.c.obj
 .ARM.attributes
                0x0000000000000293       0x2d CMakeFiles/F103Template.dir/Core/Src/stm32f1xx_it.c.obj
 .ARM.attributes
                0x00000000000002c0       0x2d CMakeFiles/F103Template.dir/Core/Src/stm32f1xx_hal_msp.c.obj
 .ARM.attributes
                0x00000000000002ed       0x2d CMakeFiles/F103Template.dir/Drivers/STM32F1xx_HAL_Driver/Src/stm32f1xx_hal_adc.c.obj
 .ARM.attributes
                0x000000000000031a       0x2d CMakeFiles/F103Template.dir/Drivers/STM32F1xx_HAL_Driver/Src/stm32f1xx_hal_adc_ex.c.obj
 .ARM.attributes
                0x0000000000000347       0x2d CMakeFiles/F103Template.dir/Drivers/STM32F1xx_HAL_Driver/Src/stm32f1xx_hal.c.obj
 .ARM.attributes
                0x0000000000000374       0x2d CMakeFiles/F103Template.dir/Drivers/STM32F1xx_HAL_Driver/Src/stm32f1xx_hal_rcc.c.obj
 .ARM.attributes
                0x00000000000003a1       0x2d CMakeFiles/F103Template.dir/Drivers/STM32F1xx_HAL_Driver/Src/stm32f1xx_hal_rcc_ex.c.obj
 .ARM.attributes
                0x00000000000003ce       0x2d CMakeFiles/F103Template.dir/Drivers/STM32F1xx_HAL_Driver/Src/stm32f1xx_hal_gpio.c.obj
 .ARM.attributes
                0x00000000000003fb       0x2d CMakeFiles/F103Template.dir/Drivers/STM32F1xx_HAL_Driver/Src/stm32f1xx_hal_dma.c.obj
 .ARM.attributes
                0x0000000000000428       0x2d CMakeFiles/F103Template.dir/Drivers/STM32F1xx_HAL_Driver/Src/stm32f1xx_hal_cortex.c.obj
 .ARM.attributes
                0x0000000000000455       0x2d CMakeFiles/F103Template.dir/Drivers/STM32F1xx_HAL_Driver/Src/stm32f1xx_hal_i2c.c.obj
 .ARM.attributes
                0x0000000000000482       0x2d CMakeFiles/F103Template.dir/Drivers/STM32F1xx_HAL_Driver/Src/stm32f1xx_hal_spi.c.obj
 .ARM.attributes
                0x00000000000004af       0x2d CMakeFiles/F103Template.dir/Drivers/STM32F1xx_HAL_Driver/Src/stm32f1xx_hal_tim.c.obj
 .ARM.attributes
                0x00000000000004dc       0x2d CMakeFiles/F103Template.dir/Drivers/STM32F1xx_HAL_Driver/Src/stm32f1xx_hal_tim_ex.c.obj
 .ARM.attributes
                0x0000000000000509       0x2d CMakeFiles/F103Template.dir/Drivers/STM32F1xx_HAL_Driver/Src/stm32f1xx_hal_uart.c.obj
 .ARM.attributes
                0x0000000000000536       0x2d CMakeFiles/F103Template.dir/Core/Src/system_stm32f1xx.c.obj
 .ARM.attributes
                0x0000000000000563       0x2d CMakeFiles/F103Template.dir/Core/Src/sysmem.c.obj
 .ARM.attributes
                0x0000000000000590       0x2d CMakeFiles/F103Template.dir/Core/Src/syscalls.c.obj
 .ARM.attributes
                0x00000000000005bd       0x21 CMakeFiles/F103Template.dir/startup_stm32f103xb.s.obj
 .ARM.attributes
                0x00000000000005de       0x2d /home/wanchuan/Downloads/gcc-arm-none-eabi-10.3-2021.10/bin/../lib/gcc/arm-none-eabi/10.3.1/../../../../arm-none-eabi/lib/thumb/v7-m/nofp/libg_nano.a(lib_a-errno.o)
 .ARM.attributes
                0x000000000000060b       0x2d /home/wanchuan/Downloads/gcc-arm-none-eabi-10.3-2021.10/bin/../lib/gcc/arm-none-eabi/10.3.1/../../../../arm-none-eabi/lib/thumb/v7-m/nofp/libg_nano.a(lib_a-nano-freer.o)
 .ARM.attributes
                0x0000000000000638       0x2d /home/wanchuan/Downloads/gcc-arm-none-eabi-10.3-2021.10/bin/../lib/gcc/arm-none-eabi/10.3.1/../../../../arm-none-eabi/lib/thumb/v7-m/nofp/libg_nano.a(lib_a-nano-mallocr.o)
 .ARM.attributes
                0x0000000000000665       0x2d /home/wanchuan/Downloads/gcc-arm-none-eabi-10.3-2021.10/bin/../lib/gcc/arm-none-eabi/10.3.1/../../../../arm-none-eabi/lib/thumb/v7-m/nofp/libg_nano.a(lib_a-puts.o)
 .ARM.attributes
                0x0000000000000692       0x2d /home/wanchuan/Downloads/gcc-arm-none-eabi-10.3-2021.10/bin/../lib/gcc/arm-none-eabi/10.3.1/../../../../arm-none-eabi/lib/thumb/v7-m/nofp/libg_nano.a(lib_a-sbrkr.o)
 .ARM.attributes
                0x00000000000006bf       0x2d /home/wanchuan/Downloads/gcc-arm-none-eabi-10.3-2021.10/bin/../lib/gcc/arm-none-eabi/10.3.1/../../../../arm-none-eabi/lib/thumb/v7-m/nofp/libg_nano.a(lib_a-sprintf.o)
 .ARM.attributes
                0x00000000000006ec       0x2d /home/wanchuan/Downloads/gcc-arm-none-eabi-10.3-2021.10/bin/../lib/gcc/arm-none-eabi/10.3.1/../../../../arm-none-eabi/lib/thumb/v7-m/nofp/libg_nano.a(lib_a-wbuf.o)
 .ARM.attributes
                0x0000000000000719       0x2d /home/wanchuan/Downloads/gcc-arm-none-eabi-10.3-2021.10/bin/../lib/gcc/arm-none-eabi/10.3.1/../../../../arm-none-eabi/lib/thumb/v7-m/nofp/libg_nano.a(lib_a-wsetup.o)
 .ARM.attributes
                0x0000000000000746       0x2d /home/wanchuan/Downloads/gcc-arm-none-eabi-10.3-2021.10/bin/../lib/gcc/arm-none-eabi/10.3.1/../../../../arm-none-eabi/lib/thumb/v7-m/nofp/libg_nano.a(lib_a-fflush.o)
 .ARM.attributes
                0x0000000000000773       0x2d /home/wanchuan/Downloads/gcc-arm-none-eabi-10.3-2021.10/bin/../lib/gcc/arm-none-eabi/10.3.1/../../../../arm-none-eabi/lib/thumb/v7-m/nofp/libg_nano.a(lib_a-findfp.o)
 .ARM.attributes
                0x00000000000007a0       0x2d /home/wanchuan/Downloads/gcc-arm-none-eabi-10.3-2021.10/bin/../lib/gcc/arm-none-eabi/10.3.1/../../../../arm-none-eabi/lib/thumb/v7-m/nofp/libg_nano.a(lib_a-fwalk.o)
 .ARM.attributes
                0x00000000000007cd       0x2d /home/wanchuan/Downloads/gcc-arm-none-eabi-10.3-2021.10/bin/../lib/gcc/arm-none-eabi/10.3.1/../../../../arm-none-eabi/lib/thumb/v7-m/nofp/libg_nano.a(lib_a-lock.o)
 .ARM.attributes
                0x00000000000007fa       0x2d /home/wanchuan/Downloads/gcc-arm-none-eabi-10.3-2021.10/bin/../lib/gcc/arm-none-eabi/10.3.1/../../../../arm-none-eabi/lib/thumb/v7-m/nofp/libg_nano.a(lib_a-makebuf.o)
 .ARM.attributes
                0x0000000000000827       0x2d /home/wanchuan/Downloads/gcc-arm-none-eabi-10.3-2021.10/bin/../lib/gcc/arm-none-eabi/10.3.1/../../../../arm-none-eabi/lib/thumb/v7-m/nofp/libg_nano.a(lib_a-mlock.o)
 .ARM.attributes
                0x0000000000000854       0x2d /home/wanchuan/Downloads/gcc-arm-none-eabi-10.3-2021.10/bin/../lib/gcc/arm-none-eabi/10.3.1/../../../../arm-none-eabi/lib/thumb/v7-m/nofp/libg_nano.a(lib_a-nano-svfprintf.o)
 .ARM.attributes
                0x0000000000000881       0x2d /home/wanchuan/Downloads/gcc-arm-none-eabi-10.3-2021.10/bin/../lib/gcc/arm-none-eabi/10.3.1/../../../../arm-none-eabi/lib/thumb/v7-m/nofp/libg_nano.a(lib_a-nano-vfprintf_i.o)
 .ARM.attributes
                0x00000000000008ae       0x2d /home/wanchuan/Downloads/gcc-arm-none-eabi-10.3-2021.10/bin/../lib/gcc/arm-none-eabi/10.3.1/../../../../arm-none-eabi/lib/thumb/v7-m/nofp/libg_nano.a(lib_a-reent.o)
 .ARM.attributes
                0x00000000000008db       0x2d /home/wanchuan/Downloads/gcc-arm-none-eabi-10.3-2021.10/bin/../lib/gcc/arm-none-eabi/10.3.1/../../../../arm-none-eabi/lib/thumb/v7-m/nofp/libg_nano.a(lib_a-stdio.o)
 .ARM.attributes
                0x0000000000000908       0x2d /home/wanchuan/Downloads/gcc-arm-none-eabi-10.3-2021.10/bin/../lib/gcc/arm-none-eabi/10.3.1/../../../../arm-none-eabi/lib/thumb/v7-m/nofp/libg_nano.a(lib_a-writer.o)
 .ARM.attributes
                0x0000000000000935       0x2d /home/wanchuan/Downloads/gcc-arm-none-eabi-10.3-2021.10/bin/../lib/gcc/arm-none-eabi/10.3.1/../../../../arm-none-eabi/lib/thumb/v7-m/nofp/libg_nano.a(lib_a-closer.o)
 .ARM.attributes
                0x0000000000000962       0x2d /home/wanchuan/Downloads/gcc-arm-none-eabi-10.3-2021.10/bin/../lib/gcc/arm-none-eabi/10.3.1/../../../../arm-none-eabi/lib/thumb/v7-m/nofp/libg_nano.a(lib_a-fstatr.o)
 .ARM.attributes
                0x000000000000098f       0x2d /home/wanchuan/Downloads/gcc-arm-none-eabi-10.3-2021.10/bin/../lib/gcc/arm-none-eabi/10.3.1/../../../../arm-none-eabi/lib/thumb/v7-m/nofp/libg_nano.a(lib_a-isattyr.o)
 .ARM.attributes
                0x00000000000009bc       0x2d /home/wanchuan/Downloads/gcc-arm-none-eabi-10.3-2021.10/bin/../lib/gcc/arm-none-eabi/10.3.1/../../../../arm-none-eabi/lib/thumb/v7-m/nofp/libg_nano.a(lib_a-lseekr.o)
 .ARM.attributes
                0x00000000000009e9       0x2d /home/wanchuan/Downloads/gcc-arm-none-eabi-10.3-2021.10/bin/../lib/gcc/arm-none-eabi/10.3.1/../../../../arm-none-eabi/lib/thumb/v7-m/nofp/libg_nano.a(lib_a-memchr-stub.o)
 .ARM.attributes
                0x0000000000000a16       0x2d /home/wanchuan/Downloads/gcc-arm-none-eabi-10.3-2021.10/bin/../lib/gcc/arm-none-eabi/10.3.1/../../../../arm-none-eabi/lib/thumb/v7-m/nofp/libg_nano.a(lib_a-memcpy-stub.o)
 .ARM.attributes
                0x0000000000000a43       0x2d /home/wanchuan/Downloads/gcc-arm-none-eabi-10.3-2021.10/bin/../lib/gcc/arm-none-eabi/10.3.1/../../../../arm-none-eabi/lib/thumb/v7-m/nofp/libg_nano.a(lib_a-memmove.o)
 .ARM.attributes
                0x0000000000000a70       0x2d /home/wanchuan/Downloads/gcc-arm-none-eabi-10.3-2021.10/bin/../lib/gcc/arm-none-eabi/10.3.1/../../../../arm-none-eabi/lib/thumb/v7-m/nofp/libg_nano.a(lib_a-nano-reallocr.o)
 .ARM.attributes
                0x0000000000000a9d       0x2d /home/wanchuan/Downloads/gcc-arm-none-eabi-10.3-2021.10/bin/../lib/gcc/arm-none-eabi/10.3.1/../../../../arm-none-eabi/lib/thumb/v7-m/nofp/libg_nano.a(lib_a-readr.o)
 .ARM.attributes
                0x0000000000000aca       0x2d /home/wanchuan/Downloads/gcc-arm-none-eabi-10.3-2021.10/bin/../lib/gcc/arm-none-eabi/10.3.1/../../../../arm-none-eabi/lib/thumb/v7-m/nofp/libg_nano.a(lib_a-nano-msizer.o)
 .ARM.attributes
                0x0000000000000af7       0x1d /home/wanchuan/Downloads/gcc-arm-none-eabi-10.3-2021.10/bin/../lib/gcc/arm-none-eabi/10.3.1/thumb/v7-m/nofp/crtn.o
OUTPUT(F103Template.elf elf32-littlearm)
LOAD linker stubs
LOAD /home/wanchuan/Downloads/gcc-arm-none-eabi-10.3-2021.10/bin/../lib/gcc/arm-none-eabi/10.3.1/../../../../arm-none-eabi/lib/thumb/v7-m/nofp/libc.a
LOAD /home/wanchuan/Downloads/gcc-arm-none-eabi-10.3-2021.10/bin/../lib/gcc/arm-none-eabi/10.3.1/../../../../arm-none-eabi/lib/thumb/v7-m/nofp/libm.a
LOAD /home/wanchuan/Downloads/gcc-arm-none-eabi-10.3-2021.10/bin/../lib/gcc/arm-none-eabi/10.3.1/thumb/v7-m/nofp/libgcc.a

.debug_frame    0x0000000000000000     0x5f84
 .debug_frame   0x0000000000000000       0x2c /home/wanchuan/Downloads/gcc-arm-none-eabi-10.3-2021.10/bin/../lib/gcc/arm-none-eabi/10.3.1/../../../../arm-none-eabi/lib/thumb/v7-m/nofp/libc_nano.a(lib_a-init.o)
 .debug_frame   0x000000000000002c       0x20 /home/wanchuan/Downloads/gcc-arm-none-eabi-10.3-2021.10/bin/../lib/gcc/arm-none-eabi/10.3.1/../../../../arm-none-eabi/lib/thumb/v7-m/nofp/libc_nano.a(lib_a-memset.o)
 .debug_frame   0x000000000000004c      0x1ec CMakeFiles/F103Template.dir/Core/Src/screen.c.obj
 .debug_frame   0x0000000000000238      0x1a4 CMakeFiles/F103Template.dir/Core/Src/ws2812.c.obj
 .debug_frame   0x00000000000003dc      0x154 CMakeFiles/F103Template.dir/Core/Src/main.c.obj
 .debug_frame   0x0000000000000530       0x34 CMakeFiles/F103Template.dir/Core/Src/gpio.c.obj
 .debug_frame   0x0000000000000564       0x7c CMakeFiles/F103Template.dir/Core/Src/adc.c.obj
 .debug_frame   0x00000000000005e0       0x34 CMakeFiles/F103Template.dir/Core/Src/dma.c.obj
 .debug_frame   0x0000000000000614       0x74 CMakeFiles/F103Template.dir/Core/Src/i2c.c.obj
 .debug_frame   0x0000000000000688       0x74 CMakeFiles/F103Template.dir/Core/Src/spi.c.obj
 .debug_frame   0x00000000000006fc      0x114 CMakeFiles/F103Template.dir/Core/Src/tim.c.obj
 .debug_frame   0x0000000000000810       0x74 CMakeFiles/F103Template.dir/Core/Src/usart.c.obj
 .debug_frame   0x0000000000000884      0x194 CMakeFiles/F103Template.dir/Core/Src/stm32f1xx_it.c.obj
 .debug_frame   0x0000000000000a18       0x38 CMakeFiles/F103Template.dir/Core/Src/stm32f1xx_hal_msp.c.obj
 .debug_frame   0x0000000000000a50      0x40c CMakeFiles/F103Template.dir/Drivers/STM32F1xx_HAL_Driver/Src/stm32f1xx_hal_adc.c.obj
 .debug_frame   0x0000000000000e5c      0x200 CMakeFiles/F103Template.dir/Drivers/STM32F1xx_HAL_Driver/Src/stm32f1xx_hal_adc_ex.c.obj
 .debug_frame   0x000000000000105c      0x334 CMakeFiles/F103Template.dir/Drivers/STM32F1xx_HAL_Driver/Src/stm32f1xx_hal.c.obj
 .debug_frame   0x0000000000001390      0x218 CMakeFiles/F103Template.dir/Drivers/STM32F1xx_HAL_Driver/Src/stm32f1xx_hal_rcc.c.obj
 .debug_frame   0x00000000000015a8       0x80 CMakeFiles/F103Template.dir/Drivers/STM32F1xx_HAL_Driver/Src/stm32f1xx_hal_rcc_ex.c.obj
 .debug_frame   0x0000000000001628      0x14c CMakeFiles/F103Template.dir/Drivers/STM32F1xx_HAL_Driver/Src/stm32f1xx_hal_gpio.c.obj
 .debug_frame   0x0000000000001774      0x208 CMakeFiles/F103Template.dir/Drivers/STM32F1xx_HAL_Driver/Src/stm32f1xx_hal_dma.c.obj
 .debug_frame   0x000000000000197c      0x428 CMakeFiles/F103Template.dir/Drivers/STM32F1xx_HAL_Driver/Src/stm32f1xx_hal_cortex.c.obj
 .debug_frame   0x0000000000001da4      0xc84 CMakeFiles/F103Template.dir/Drivers/STM32F1xx_HAL_Driver/Src/stm32f1xx_hal_i2c.c.obj
 .debug_frame   0x0000000000002a28      0x824 CMakeFiles/F103Template.dir/Drivers/STM32F1xx_HAL_Driver/Src/stm32f1xx_hal_spi.c.obj
 .debug_frame   0x000000000000324c     0x11bc CMakeFiles/F103Template.dir/Drivers/STM32F1xx_HAL_Driver/Src/stm32f1xx_hal_tim.c.obj
 .debug_frame   0x0000000000004408      0x638 CMakeFiles/F103Template.dir/Drivers/STM32F1xx_HAL_Driver/Src/stm32f1xx_hal_tim_ex.c.obj
 .debug_frame   0x0000000000004a40      0x944 CMakeFiles/F103Template.dir/Drivers/STM32F1xx_HAL_Driver/Src/stm32f1xx_hal_uart.c.obj
 .debug_frame   0x0000000000005384       0x58 CMakeFiles/F103Template.dir/Core/Src/system_stm32f1xx.c.obj
 .debug_frame   0x00000000000053dc       0x34 CMakeFiles/F103Template.dir/Core/Src/sysmem.c.obj
 .debug_frame   0x0000000000005410      0x2ac CMakeFiles/F103Template.dir/Core/Src/syscalls.c.obj
 .debug_frame   0x00000000000056bc       0x20 /home/wanchuan/Downloads/gcc-arm-none-eabi-10.3-2021.10/bin/../lib/gcc/arm-none-eabi/10.3.1/../../../../arm-none-eabi/lib/thumb/v7-m/nofp/libg_nano.a(lib_a-errno.o)
 .debug_frame   0x00000000000056dc       0x38 /home/wanchuan/Downloads/gcc-arm-none-eabi-10.3-2021.10/bin/../lib/gcc/arm-none-eabi/10.3.1/../../../../arm-none-eabi/lib/thumb/v7-m/nofp/libg_nano.a(lib_a-nano-freer.o)
 .debug_frame   0x0000000000005714       0x4c /home/wanchuan/Downloads/gcc-arm-none-eabi-10.3-2021.10/bin/../lib/gcc/arm-none-eabi/10.3.1/../../../../arm-none-eabi/lib/thumb/v7-m/nofp/libg_nano.a(lib_a-nano-mallocr.o)
 .debug_frame   0x0000000000005760       0x3c /home/wanchuan/Downloads/gcc-arm-none-eabi-10.3-2021.10/bin/../lib/gcc/arm-none-eabi/10.3.1/../../../../arm-none-eabi/lib/thumb/v7-m/nofp/libg_nano.a(lib_a-puts.o)
 .debug_frame   0x000000000000579c       0x2c /home/wanchuan/Downloads/gcc-arm-none-eabi-10.3-2021.10/bin/../lib/gcc/arm-none-eabi/10.3.1/../../../../arm-none-eabi/lib/thumb/v7-m/nofp/libg_nano.a(lib_a-sbrkr.o)
 .debug_frame   0x00000000000057c8       0x6c /home/wanchuan/Downloads/gcc-arm-none-eabi-10.3-2021.10/bin/../lib/gcc/arm-none-eabi/10.3.1/../../../../arm-none-eabi/lib/thumb/v7-m/nofp/libg_nano.a(lib_a-sprintf.o)
 .debug_frame   0x0000000000005834       0x40 /home/wanchuan/Downloads/gcc-arm-none-eabi-10.3-2021.10/bin/../lib/gcc/arm-none-eabi/10.3.1/../../../../arm-none-eabi/lib/thumb/v7-m/nofp/libg_nano.a(lib_a-wbuf.o)
 .debug_frame   0x0000000000005874       0x2c /home/wanchuan/Downloads/gcc-arm-none-eabi-10.3-2021.10/bin/../lib/gcc/arm-none-eabi/10.3.1/../../../../arm-none-eabi/lib/thumb/v7-m/nofp/libg_nano.a(lib_a-wsetup.o)
 .debug_frame   0x00000000000058a0       0x5c /home/wanchuan/Downloads/gcc-arm-none-eabi-10.3-2021.10/bin/../lib/gcc/arm-none-eabi/10.3.1/../../../../arm-none-eabi/lib/thumb/v7-m/nofp/libg_nano.a(lib_a-fflush.o)
 .debug_frame   0x00000000000058fc      0x14c /home/wanchuan/Downloads/gcc-arm-none-eabi-10.3-2021.10/bin/../lib/gcc/arm-none-eabi/10.3.1/../../../../arm-none-eabi/lib/thumb/v7-m/nofp/libg_nano.a(lib_a-findfp.o)
 .debug_frame   0x0000000000005a48       0x54 /home/wanchuan/Downloads/gcc-arm-none-eabi-10.3-2021.10/bin/../lib/gcc/arm-none-eabi/10.3.1/../../../../arm-none-eabi/lib/thumb/v7-m/nofp/libg_nano.a(lib_a-fwalk.o)
 .debug_frame   0x0000000000005a9c       0xb0 /home/wanchuan/Downloads/gcc-arm-none-eabi-10.3-2021.10/bin/../lib/gcc/arm-none-eabi/10.3.1/../../../../arm-none-eabi/lib/thumb/v7-m/nofp/libg_nano.a(lib_a-lock.o)
 .debug_frame   0x0000000000005b4c       0x58 /home/wanchuan/Downloads/gcc-arm-none-eabi-10.3-2021.10/bin/../lib/gcc/arm-none-eabi/10.3.1/../../../../arm-none-eabi/lib/thumb/v7-m/nofp/libg_nano.a(lib_a-makebuf.o)
 .debug_frame   0x0000000000005ba4       0x30 /home/wanchuan/Downloads/gcc-arm-none-eabi-10.3-2021.10/bin/../lib/gcc/arm-none-eabi/10.3.1/../../../../arm-none-eabi/lib/thumb/v7-m/nofp/libg_nano.a(lib_a-mlock.o)
 .debug_frame   0x0000000000005bd4       0x90 /home/wanchuan/Downloads/gcc-arm-none-eabi-10.3-2021.10/bin/../lib/gcc/arm-none-eabi/10.3.1/../../../../arm-none-eabi/lib/thumb/v7-m/nofp/libg_nano.a(lib_a-nano-svfprintf.o)
 .debug_frame   0x0000000000005c64       0x60 /home/wanchuan/Downloads/gcc-arm-none-eabi-10.3-2021.10/bin/../lib/gcc/arm-none-eabi/10.3.1/../../../../arm-none-eabi/lib/thumb/v7-m/nofp/libg_nano.a(lib_a-nano-vfprintf_i.o)
 .debug_frame   0x0000000000005cc4       0x5c /home/wanchuan/Downloads/gcc-arm-none-eabi-10.3-2021.10/bin/../lib/gcc/arm-none-eabi/10.3.1/../../../../arm-none-eabi/lib/thumb/v7-m/nofp/libg_nano.a(lib_a-reent.o)
 .debug_frame   0x0000000000005d20       0x88 /home/wanchuan/Downloads/gcc-arm-none-eabi-10.3-2021.10/bin/../lib/gcc/arm-none-eabi/10.3.1/../../../../arm-none-eabi/lib/thumb/v7-m/nofp/libg_nano.a(lib_a-stdio.o)
 .debug_frame   0x0000000000005da8       0x2c /home/wanchuan/Downloads/gcc-arm-none-eabi-10.3-2021.10/bin/../lib/gcc/arm-none-eabi/10.3.1/../../../../arm-none-eabi/lib/thumb/v7-m/nofp/libg_nano.a(lib_a-writer.o)
 .debug_frame   0x0000000000005dd4       0x2c /home/wanchuan/Downloads/gcc-arm-none-eabi-10.3-2021.10/bin/../lib/gcc/arm-none-eabi/10.3.1/../../../../arm-none-eabi/lib/thumb/v7-m/nofp/libg_nano.a(lib_a-closer.o)
 .debug_frame   0x0000000000005e00       0x2c /home/wanchuan/Downloads/gcc-arm-none-eabi-10.3-2021.10/bin/../lib/gcc/arm-none-eabi/10.3.1/../../../../arm-none-eabi/lib/thumb/v7-m/nofp/libg_nano.a(lib_a-fstatr.o)
 .debug_frame   0x0000000000005e2c       0x2c /home/wanchuan/Downloads/gcc-arm-none-eabi-10.3-2021.10/bin/../lib/gcc/arm-none-eabi/10.3.1/../../../../arm-none-eabi/lib/thumb/v7-m/nofp/libg_nano.a(lib_a-isattyr.o)
 .debug_frame   0x0000000000005e58       0x2c /home/wanchuan/Downloads/gcc-arm-none-eabi-10.3-2021.10/bin/../lib/gcc/arm-none-eabi/10.3.1/../../../../arm-none-eabi/lib/thumb/v7-m/nofp/libg_nano.a(lib_a-lseekr.o)
 .debug_frame   0x0000000000005e84       0x28 /home/wanchuan/Downloads/gcc-arm-none-eabi-10.3-2021.10/bin/../lib/gcc/arm-none-eabi/10.3.1/../../../../arm-none-eabi/lib/thumb/v7-m/nofp/libg_nano.a(lib_a-memchr-stub.o)
 .debug_frame   0x0000000000005eac       0x28 /home/wanchuan/Downloads/gcc-arm-none-eabi-10.3-2021.10/bin/../lib/gcc/arm-none-eabi/10.3.1/../../../../arm-none-eabi/lib/thumb/v7-m/nofp/libg_nano.a(lib_a-memcpy-stub.o)
 .debug_frame   0x0000000000005ed4       0x28 /home/wanchuan/Downloads/gcc-arm-none-eabi-10.3-2021.10/bin/../lib/gcc/arm-none-eabi/10.3.1/../../../../arm-none-eabi/lib/thumb/v7-m/nofp/libg_nano.a(lib_a-memmove.o)
 .debug_frame   0x0000000000005efc       0x3c /home/wanchuan/Downloads/gcc-arm-none-eabi-10.3-2021.10/bin/../lib/gcc/arm-none-eabi/10.3.1/../../../../arm-none-eabi/lib/thumb/v7-m/nofp/libg_nano.a(lib_a-nano-reallocr.o)
 .debug_frame   0x0000000000005f38       0x2c /home/wanchuan/Downloads/gcc-arm-none-eabi-10.3-2021.10/bin/../lib/gcc/arm-none-eabi/10.3.1/../../../../arm-none-eabi/lib/thumb/v7-m/nofp/libg_nano.a(lib_a-readr.o)
 .debug_frame   0x0000000000005f64       0x20 /home/wanchuan/Downloads/gcc-arm-none-eabi-10.3-2021.10/bin/../lib/gcc/arm-none-eabi/10.3.1/../../../../arm-none-eabi/lib/thumb/v7-m/nofp/libg_nano.a(lib_a-nano-msizer.o)

.debug_info     0x0000000000000000    0x15f3f
 .debug_info    0x0000000000000000      0xb40 CMakeFiles/F103Template.dir/Core/Src/screen.c.obj
 .debug_info    0x0000000000000b40      0x99b CMakeFiles/F103Template.dir/Core/Src/ws2812.c.obj
 .debug_info    0x00000000000014db      0xeb0 CMakeFiles/F103Template.dir/Core/Src/main.c.obj
 .debug_info    0x000000000000238b      0x3ea CMakeFiles/F103Template.dir/Core/Src/gpio.c.obj
 .debug_info    0x0000000000002775      0x8f6 CMakeFiles/F103Template.dir/Core/Src/adc.c.obj
 .debug_info    0x000000000000306b      0x51a CMakeFiles/F103Template.dir/Core/Src/dma.c.obj
 .debug_info    0x0000000000003585      0x7fb CMakeFiles/F103Template.dir/Core/Src/i2c.c.obj
 .debug_info    0x0000000000003d80      0x7ca CMakeFiles/F103Template.dir/Core/Src/spi.c.obj
 .debug_info    0x000000000000454a      0xd05 CMakeFiles/F103Template.dir/Core/Src/tim.c.obj
 .debug_info    0x000000000000524f      0x7ab CMakeFiles/F103Template.dir/Core/Src/usart.c.obj
 .debug_info    0x00000000000059fa      0x970 CMakeFiles/F103Template.dir/Core/Src/stm32f1xx_it.c.obj
 .debug_info    0x000000000000636a      0x210 CMakeFiles/F103Template.dir/Core/Src/stm32f1xx_hal_msp.c.obj
 .debug_info    0x000000000000657a      0xc8a CMakeFiles/F103Template.dir/Drivers/STM32F1xx_HAL_Driver/Src/stm32f1xx_hal_adc.c.obj
 .debug_info    0x0000000000007204      0x9cc CMakeFiles/F103Template.dir/Drivers/STM32F1xx_HAL_Driver/Src/stm32f1xx_hal_adc_ex.c.obj
 .debug_info    0x0000000000007bd0      0x6e1 CMakeFiles/F103Template.dir/Drivers/STM32F1xx_HAL_Driver/Src/stm32f1xx_hal.c.obj
 .debug_info    0x00000000000082b1      0x81e CMakeFiles/F103Template.dir/Drivers/STM32F1xx_HAL_Driver/Src/stm32f1xx_hal_rcc.c.obj
 .debug_info    0x0000000000008acf      0x3cc CMakeFiles/F103Template.dir/Drivers/STM32F1xx_HAL_Driver/Src/stm32f1xx_hal_rcc_ex.c.obj
 .debug_info    0x0000000000008e9b      0x615 CMakeFiles/F103Template.dir/Drivers/STM32F1xx_HAL_Driver/Src/stm32f1xx_hal_gpio.c.obj
 .debug_info    0x00000000000094b0      0x737 CMakeFiles/F103Template.dir/Drivers/STM32F1xx_HAL_Driver/Src/stm32f1xx_hal_dma.c.obj
 .debug_info    0x0000000000009be7      0xb20 CMakeFiles/F103Template.dir/Drivers/STM32F1xx_HAL_Driver/Src/stm32f1xx_hal_cortex.c.obj
 .debug_info    0x000000000000a707     0x26f3 CMakeFiles/F103Template.dir/Drivers/STM32F1xx_HAL_Driver/Src/stm32f1xx_hal_i2c.c.obj
 .debug_info    0x000000000000cdfa     0x15fc CMakeFiles/F103Template.dir/Drivers/STM32F1xx_HAL_Driver/Src/stm32f1xx_hal_spi.c.obj
 .debug_info    0x000000000000e3f6     0x2b26 CMakeFiles/F103Template.dir/Drivers/STM32F1xx_HAL_Driver/Src/stm32f1xx_hal_tim.c.obj
 .debug_info    0x0000000000010f1c     0x1493 CMakeFiles/F103Template.dir/Drivers/STM32F1xx_HAL_Driver/Src/stm32f1xx_hal_tim_ex.c.obj
 .debug_info    0x00000000000123af     0x3120 CMakeFiles/F103Template.dir/Drivers/STM32F1xx_HAL_Driver/Src/stm32f1xx_hal_uart.c.obj
 .debug_info    0x00000000000154cf      0x23d CMakeFiles/F103Template.dir/Core/Src/system_stm32f1xx.c.obj
 .debug_info    0x000000000001570c      0x15f CMakeFiles/F103Template.dir/Core/Src/sysmem.c.obj
 .debug_info    0x000000000001586b      0x6b2 CMakeFiles/F103Template.dir/Core/Src/syscalls.c.obj
 .debug_info    0x0000000000015f1d       0x22 CMakeFiles/F103Template.dir/startup_stm32f103xb.s.obj

.debug_abbrev   0x0000000000000000     0x3371
 .debug_abbrev  0x0000000000000000      0x20b CMakeFiles/F103Template.dir/Core/Src/screen.c.obj
 .debug_abbrev  0x000000000000020b      0x224 CMakeFiles/F103Template.dir/Core/Src/ws2812.c.obj
 .debug_abbrev  0x000000000000042f      0x2e4 CMakeFiles/F103Template.dir/Core/Src/main.c.obj
 .debug_abbrev  0x0000000000000713      0x118 CMakeFiles/F103Template.dir/Core/Src/gpio.c.obj
 .debug_abbrev  0x000000000000082b      0x1ab CMakeFiles/F103Template.dir/Core/Src/adc.c.obj
 .debug_abbrev  0x00000000000009d6      0x14f CMakeFiles/F103Template.dir/Core/Src/dma.c.obj
 .debug_abbrev  0x0000000000000b25      0x18f CMakeFiles/F103Template.dir/Core/Src/i2c.c.obj
 .debug_abbrev  0x0000000000000cb4      0x18f CMakeFiles/F103Template.dir/Core/Src/spi.c.obj
 .debug_abbrev  0x0000000000000e43      0x219 CMakeFiles/F103Template.dir/Core/Src/tim.c.obj
 .debug_abbrev  0x000000000000105c      0x196 CMakeFiles/F103Template.dir/Core/Src/usart.c.obj
 .debug_abbrev  0x00000000000011f2      0x187 CMakeFiles/F103Template.dir/Core/Src/stm32f1xx_it.c.obj
 .debug_abbrev  0x0000000000001379       0xd4 CMakeFiles/F103Template.dir/Core/Src/stm32f1xx_hal_msp.c.obj
 .debug_abbrev  0x000000000000144d      0x1cf CMakeFiles/F103Template.dir/Drivers/STM32F1xx_HAL_Driver/Src/stm32f1xx_hal_adc.c.obj
 .debug_abbrev  0x000000000000161c      0x1f3 CMakeFiles/F103Template.dir/Drivers/STM32F1xx_HAL_Driver/Src/stm32f1xx_hal_adc_ex.c.obj
 .debug_abbrev  0x000000000000180f      0x1c8 CMakeFiles/F103Template.dir/Drivers/STM32F1xx_HAL_Driver/Src/stm32f1xx_hal.c.obj
 .debug_abbrev  0x00000000000019d7      0x260 CMakeFiles/F103Template.dir/Drivers/STM32F1xx_HAL_Driver/Src/stm32f1xx_hal_rcc.c.obj
 .debug_abbrev  0x0000000000001c37      0x16d CMakeFiles/F103Template.dir/Drivers/STM32F1xx_HAL_Driver/Src/stm32f1xx_hal_rcc_ex.c.obj
 .debug_abbrev  0x0000000000001da4      0x1bb CMakeFiles/F103Template.dir/Drivers/STM32F1xx_HAL_Driver/Src/stm32f1xx_hal_gpio.c.obj
 .debug_abbrev  0x0000000000001f5f      0x1e9 CMakeFiles/F103Template.dir/Drivers/STM32F1xx_HAL_Driver/Src/stm32f1xx_hal_dma.c.obj
 .debug_abbrev  0x0000000000002148      0x2ed CMakeFiles/F103Template.dir/Drivers/STM32F1xx_HAL_Driver/Src/stm32f1xx_hal_cortex.c.obj
 .debug_abbrev  0x0000000000002435      0x25c CMakeFiles/F103Template.dir/Drivers/STM32F1xx_HAL_Driver/Src/stm32f1xx_hal_i2c.c.obj
 .debug_abbrev  0x0000000000002691      0x242 CMakeFiles/F103Template.dir/Drivers/STM32F1xx_HAL_Driver/Src/stm32f1xx_hal_spi.c.obj
 .debug_abbrev  0x00000000000028d3      0x238 CMakeFiles/F103Template.dir/Drivers/STM32F1xx_HAL_Driver/Src/stm32f1xx_hal_tim.c.obj
 .debug_abbrev  0x0000000000002b0b      0x240 CMakeFiles/F103Template.dir/Drivers/STM32F1xx_HAL_Driver/Src/stm32f1xx_hal_tim_ex.c.obj
 .debug_abbrev  0x0000000000002d4b      0x2b3 CMakeFiles/F103Template.dir/Drivers/STM32F1xx_HAL_Driver/Src/stm32f1xx_hal_uart.c.obj
 .debug_abbrev  0x0000000000002ffe      0x13b CMakeFiles/F103Template.dir/Core/Src/system_stm32f1xx.c.obj
 .debug_abbrev  0x0000000000003139       0xa6 CMakeFiles/F103Template.dir/Core/Src/sysmem.c.obj
 .debug_abbrev  0x00000000000031df      0x180 CMakeFiles/F103Template.dir/Core/Src/syscalls.c.obj
 .debug_abbrev  0x000000000000335f       0x12 CMakeFiles/F103Template.dir/startup_stm32f103xb.s.obj

.debug_aranges  0x0000000000000000     0x1508
 .debug_aranges
                0x0000000000000000       0x88 CMakeFiles/F103Template.dir/Core/Src/screen.c.obj
 .debug_aranges
                0x0000000000000088       0x70 CMakeFiles/F103Template.dir/Core/Src/ws2812.c.obj
 .debug_aranges
                0x00000000000000f8       0x60 CMakeFiles/F103Template.dir/Core/Src/main.c.obj
 .debug_aranges
                0x0000000000000158       0x20 CMakeFiles/F103Template.dir/Core/Src/gpio.c.obj
 .debug_aranges
                0x0000000000000178       0x30 CMakeFiles/F103Template.dir/Core/Src/adc.c.obj
 .debug_aranges
                0x00000000000001a8       0x20 CMakeFiles/F103Template.dir/Core/Src/dma.c.obj
 .debug_aranges